Copyright 1986-2022 Xilinx, Inc. All Rights Reserved. Copyright 2022-2025 Advanced Micro Devices, Inc. All Rights Reserved.
---------------------------------------------------------------------------------------------------------------------------------------------------------------
| Tool Version : Vivado v.2025.2 (win64) Build 6299465 Fri Nov 14 19:35:11 GMT 2025
| Date         : Thu Jun 25 10:39:00 2026
| Host         : Abhishek running 64-bit major release  (build 9200)
| Command      : report_drc -file D:/Projects/Crypto_miner_final_updated_on_18_06/New_updated/pdsa_updated_on_3_6_newv/bitstream/drc_post_route_full_kaspa.rpt
| Design       : pdsa_fpga_dfx_top
| Device       : xck26-sfvc784-2LV-c
| Speed File   : -2LV
| Design State : Fully Routed
---------------------------------------------------------------------------------------------------------------------------------------------------------------

Report DRC

Table of Contents
-----------------
1. REPORT SUMMARY
2. REPORT DETAILS

1. REPORT SUMMARY
-----------------
            Netlist: netlist
          Floorplan: checkpoint_post_route_full_kaspa
      Design limits: <entire design considered>
           Ruledeck: default
             Max checks: <unlimited>
             Checks found: 31
+----------+------------------+------------------------------------------------------+--------+
| Rule     | Severity         | Description                                          | Checks |
+----------+------------------+------------------------------------------------------+--------+
| NSTD-1   | Critical Warning | Unspecified I/O Standard                             | 1      |
| HDPRA-52 | Advisory         | Narrow Edge without Location Constraints             | 1      |
| HDPRA-53 | Advisory         | Edge with Location Constraints                       | 1      |
| HDPRA-54 | Advisory         | Edge without Location Constraints                    | 1      |
| HDPRA-55 | Advisory         | Narrow Gap with Location Constraints                 | 10     |
| HDPRA-56 | Advisory         | Narrow Gap without Location Constraints              | 11     |
| HDPRA-57 | Advisory         | Gap with Location Constraints                        | 2      |
| HDPRA-58 | Advisory         | Gap without Location Constraints                     | 3      |
| HDPRA-60 | Advisory         | Narrow Non-reconfig gap without Location Constraints | 1      |
+----------+------------------+------------------------------------------------------+--------+

2. REPORT DETAILS
-----------------
NSTD-1#1 Critical Warning
Unspecified I/O Standard  
102 out of 102 logical ports use I/O standard (IOSTANDARD) value 'DEFAULT', instead of a user assigned specific value. This may cause I/O contention or incompatibility with the board power or connectivity affecting performance, signal integrity or in extreme cases cause damage to the device or the components to which it is connected. To correct this violation, specify all I/O standards. This design will fail to generate a bitstream unless all logical ports have a user specified I/O standard value defined. To allow bitstream creation with unspecified I/O standard values (not recommended), use this command: set_property SEVERITY {Warning} [get_drc_checks NSTD-1].  NOTE: When using the Vivado Runs infrastructure (e.g. launch_runs Tcl command), add this command to a .tcl file and add that file as a pre-hook for write_bitstream step for the implementation run. Problem ports: s_axi_araddr[10], s_axi_araddr[11], s_axi_araddr[2], s_axi_araddr[3],
s_axi_araddr[4], s_axi_araddr[5], s_axi_araddr[6], s_axi_araddr[7],
s_axi_araddr[8], s_axi_araddr[9], s_axi_awaddr[10], s_axi_awaddr[11],
s_axi_awaddr[7], s_axi_awaddr[8], s_axi_awaddr[9]
 (the first 15 of 38 listed).
Related violations: <none>

HDPRA-52#1 Advisory
Narrow Edge without Location Constraints  
Static Logic contains narrow edges that may impact implementation results.  It is best to include these region(s) in the adjacent RP pblock, 'pblock_u_rp'.  Removing the static edge will allow for continuous placement.  TAG='52_RE_S_RP1'.  Sites on edge: SLICE_X60Y225, SLICE_X60Y226, SLICE_X60Y227, SLICE_X60Y228, SLICE_X60Y229,
SLICE_X60Y230, SLICE_X60Y231, SLICE_X60Y232, SLICE_X60Y233, SLICE_X60Y234,
SLICE_X60Y235, SLICE_X60Y236, SLICE_X60Y237, SLICE_X60Y238, SLICE_X60Y239
 (the first 15 of 240 listed)
Related violations: <none>

HDPRA-53#1 Advisory
Edge with Location Constraints  
Static Logic contains edges with location constraints that may impact implementation results.  It is best to create an EXCLUDE_PLACEMENT static pblock to cover the edge which prevents unnecessary logic from getting placed in narrow gap.  TAG='53_LE_S_RP1'.  Sites on edge: DSP48E2_X0Y94, DSP48E2_X0Y95, SLICE_X0Y233, SLICE_X0Y234, SLICE_X0Y235,
SLICE_X0Y236, SLICE_X0Y237, SLICE_X0Y238, SLICE_X0Y239, SLICE_X1Y234,
SLICE_X1Y235, SLICE_X1Y236, SLICE_X1Y237, SLICE_X1Y238, SLICE_X1Y239
 (the first 15 of 504 listed)
Related violations: <none>

HDPRA-54#1 Advisory
Edge without Location Constraints  
Static Logic contains edges that may impact implementation results.  It is best to include these region(s) in the adjacent RP pblock, 'pblock_u_rp'.  Removing the static edge will allow for continuous placement.  TAG='54_LE_S_RP1',  Sites on edge: 
SLICE_X0Y39 SLICE_X1Y39 SLICE_X0Y38 SLICE_X1Y38 SLICE_X0Y37 SLICE_X1Y37 SLICE_X0Y36 SLICE_X1Y36 SLICE_X0Y35 SLICE_X1Y35 DSP48E2_X0Y14 DSP48E2_X0Y15 SLICE_X0Y34 SLICE_X1Y34 SLICE_X0Y33 (the first 15 of 72 sites listed).
Rerun report_drc after setting hd.showAllSitesHDPRA param to true in order to list all the sites.
Related violations: <none>

HDPRA-55#1 Advisory
Narrow Gap with Location Constraints  
RP pblock 'pblock_u_rp' contains a narrow gap with location constraints that may impact implementation results.  If possible, it is best to avoid gaps within a RP. If that cannot be done, it is best to PROHIBIT the CLBs inside the gap to avoid congestion.  If additional logic is needed nearby, instead add a static EXCLUDE_PLACEMENT pblock that covers the gap and add only essential logic to this pblock.  TAG='55_G12_RP1_S'.   Sites in gap: DSP48E2_X4Y40, DSP48E2_X4Y41, SLICE_X17Y100, SLICE_X17Y101, SLICE_X17Y102,
SLICE_X17Y103, SLICE_X17Y104
Related violations: <none>

HDPRA-55#2 Advisory
Narrow Gap with Location Constraints  
RP pblock 'pblock_u_rp' contains a narrow gap with location constraints that may impact implementation results.  If possible, it is best to avoid gaps within a RP. If that cannot be done, it is best to PROHIBIT the CLBs inside the gap to avoid congestion.  If additional logic is needed nearby, instead add a static EXCLUDE_PLACEMENT pblock that covers the gap and add only essential logic to this pblock.  TAG='55_G22_RP1_S'.   Sites in gap: DSP48E2_X8Y28, DSP48E2_X8Y29, DSP48E2_X8Y48, DSP48E2_X8Y49, SLICE_X31Y120,
SLICE_X31Y121, SLICE_X31Y122, SLICE_X31Y123, SLICE_X31Y124, SLICE_X31Y64,
SLICE_X31Y70, SLICE_X31Y71, SLICE_X31Y72, SLICE_X31Y73, SLICE_X31Y74
 (the first 15 of 21 listed)
Related violations: <none>

HDPRA-55#3 Advisory
Narrow Gap with Location Constraints  
RP pblock 'pblock_u_rp' contains a narrow gap with location constraints that may impact implementation results.  If possible, it is best to avoid gaps within a RP. If that cannot be done, it is best to PROHIBIT the CLBs inside the gap to avoid congestion.  If additional logic is needed nearby, instead add a static EXCLUDE_PLACEMENT pblock that covers the gap and add only essential logic to this pblock.  TAG='55_G24_RP1_S'.   Sites in gap: DSP48E2_X9Y46, DSP48E2_X9Y47, DSP48E2_X9Y48, DSP48E2_X9Y49, SLICE_X34Y115,
SLICE_X34Y116, SLICE_X34Y117, SLICE_X34Y118, SLICE_X34Y119, SLICE_X34Y120,
SLICE_X34Y121, SLICE_X34Y122, SLICE_X34Y123, SLICE_X34Y124, SLICE_X34Y94
 (the first 15 of 28 listed)
Related violations: <none>

HDPRA-55#4 Advisory
Narrow Gap with Location Constraints  
RP pblock 'pblock_u_rp' contains a narrow gap with location constraints that may impact implementation results.  If possible, it is best to avoid gaps within a RP. If that cannot be done, it is best to PROHIBIT the CLBs inside the gap to avoid congestion.  If additional logic is needed nearby, instead add a static EXCLUDE_PLACEMENT pblock that covers the gap and add only essential logic to this pblock.  TAG='55_G26_RP1_S'.   Sites in gap: DSP48E2_X10Y36, DSP48E2_X10Y37, DSP48E2_X10Y38, DSP48E2_X10Y39,
SLICE_X37Y90, SLICE_X37Y91, SLICE_X37Y92, SLICE_X37Y93, SLICE_X37Y94,
SLICE_X37Y95, SLICE_X37Y96, SLICE_X37Y97, SLICE_X37Y98, SLICE_X37Y99
Related violations: <none>

HDPRA-55#5 Advisory
Narrow Gap with Location Constraints  
RP pblock 'pblock_u_rp' contains a narrow gap with location constraints that may impact implementation results.  If possible, it is best to avoid gaps within a RP. If that cannot be done, it is best to PROHIBIT the CLBs inside the gap to avoid congestion.  If additional logic is needed nearby, instead add a static EXCLUDE_PLACEMENT pblock that covers the gap and add only essential logic to this pblock.  TAG='55_G28_RP1_S'.   Sites in gap: DSP48E2_X11Y50, DSP48E2_X11Y51, DSP48E2_X11Y52, DSP48E2_X11Y53,
SLICE_X40Y124, SLICE_X40Y125, SLICE_X40Y126, SLICE_X40Y127, SLICE_X40Y128,
SLICE_X40Y129, SLICE_X40Y130, SLICE_X40Y131, SLICE_X40Y132, SLICE_X40Y133,
SLICE_X40Y134 (the first 15 of 56 listed)
Related violations: <none>

HDPRA-55#6 Advisory
Narrow Gap with Location Constraints  
RP pblock 'pblock_u_rp' contains a narrow gap with location constraints that may impact implementation results.  If possible, it is best to avoid gaps within a RP. If that cannot be done, it is best to PROHIBIT the CLBs inside the gap to avoid congestion.  If additional logic is needed nearby, instead add a static EXCLUDE_PLACEMENT pblock that covers the gap and add only essential logic to this pblock.  TAG='55_G30_RP1_S'.   Sites in gap: SLICE_X43Y127, SLICE_X43Y128, SLICE_X43Y129, SLICE_X43Y130, SLICE_X43Y131,
SLICE_X43Y132, SLICE_X43Y133, SLICE_X43Y134, SLICE_X44Y128, SLICE_X44Y129,
SLICE_X44Y130, SLICE_X44Y131, SLICE_X44Y132, SLICE_X44Y133, SLICE_X44Y134
 (the first 15 of 210 listed)
Related violations: <none>

HDPRA-55#7 Advisory
Narrow Gap with Location Constraints  
RP pblock 'pblock_u_rp' contains a narrow gap with location constraints that may impact implementation results.  If possible, it is best to avoid gaps within a RP. If that cannot be done, it is best to PROHIBIT the CLBs inside the gap to avoid congestion.  If additional logic is needed nearby, instead add a static EXCLUDE_PLACEMENT pblock that covers the gap and add only essential logic to this pblock.  TAG='55_G3_RP1_S'.   Sites in gap: DSP48E2_X1Y68, DSP48E2_X1Y69, DSP48E2_X1Y74, DSP48E2_X1Y75, SLICE_X4Y139,
SLICE_X4Y170, SLICE_X4Y171, SLICE_X4Y172, SLICE_X4Y173, SLICE_X4Y174,
SLICE_X4Y185, SLICE_X4Y186, SLICE_X4Y187, SLICE_X4Y188, SLICE_X4Y189
 (the first 15 of 91 listed)
Related violations: <none>

HDPRA-55#8 Advisory
Narrow Gap with Location Constraints  
RP pblock 'pblock_u_rp' contains a narrow gap with location constraints that may impact implementation results.  If possible, it is best to avoid gaps within a RP. If that cannot be done, it is best to PROHIBIT the CLBs inside the gap to avoid congestion.  If additional logic is needed nearby, instead add a static EXCLUDE_PLACEMENT pblock that covers the gap and add only essential logic to this pblock.  TAG='55_G5_RP1_S'.   Sites in gap: DSP48E2_X2Y38, DSP48E2_X2Y39, DSP48E2_X2Y40, DSP48E2_X2Y41, SLICE_X7Y100,
SLICE_X7Y101, SLICE_X7Y102, SLICE_X7Y103, SLICE_X7Y104, SLICE_X7Y94,
SLICE_X7Y95, SLICE_X7Y96, SLICE_X7Y97, SLICE_X7Y98, SLICE_X7Y99
 (the first 15 of 56 listed)
Related violations: <none>

HDPRA-55#9 Advisory
Narrow Gap with Location Constraints  
RP pblock 'pblock_u_rp' contains a narrow gap with location constraints that may impact implementation results.  If possible, it is best to avoid gaps within a RP. If that cannot be done, it is best to PROHIBIT the CLBs inside the gap to avoid congestion.  If additional logic is needed nearby, instead add a static EXCLUDE_PLACEMENT pblock that covers the gap and add only essential logic to this pblock.  TAG='55_G7_RP1_S'.   Sites in gap: SLICE_X10Y165, SLICE_X10Y166, SLICE_X10Y167, SLICE_X10Y168, SLICE_X10Y169,
SLICE_X10Y170, SLICE_X10Y171, SLICE_X10Y172, SLICE_X10Y173, SLICE_X10Y174,
SLICE_X10Y175, SLICE_X10Y176, SLICE_X10Y177, SLICE_X10Y178, SLICE_X10Y179
 (the first 15 of 120 listed)
Related violations: <none>

HDPRA-55#10 Advisory
Narrow Gap with Location Constraints  
RP pblock 'pblock_u_rp' contains a narrow gap with location constraints that may impact implementation results.  If possible, it is best to avoid gaps within a RP. If that cannot be done, it is best to PROHIBIT the CLBs inside the gap to avoid congestion.  If additional logic is needed nearby, instead add a static EXCLUDE_PLACEMENT pblock that covers the gap and add only essential logic to this pblock.  TAG='55_G9_RP1_S'.   Sites in gap: DSP48E2_X3Y50, DSP48E2_X3Y51, DSP48E2_X3Y60, DSP48E2_X3Y61, SLICE_X12Y124,
SLICE_X12Y125, SLICE_X12Y126, SLICE_X12Y127, SLICE_X12Y128, SLICE_X12Y129,
SLICE_X12Y150, SLICE_X12Y151, SLICE_X12Y152, SLICE_X12Y153, SLICE_X12Y154
 (the first 15 of 77 listed)
Related violations: <none>

HDPRA-56#1 Advisory
Narrow Gap without Location Constraints  
RP pblock 'pblock_u_rp' contains a narrow gap that may impact implementation results.  Removing the gap by absorbing the locations into the RP pblock may improve implementation and allow for continuous placement.  TAG='56_G12_RP1_S'.  Use the following command to adjust the RP to include the locations in the gap: 
	 resize_pblock pblock_u_rp -add {SLICE_X17Y235:SLICE_X17Y239 DSP48E2_X4Y94:DSP48E2_X4Y95 SLICE_X17Y230:SLICE_X17Y234 DSP48E2_X4Y92:DSP48E2_X4Y93 SLICE_X17Y225:SLICE_X17Y229 DSP48E2_X4Y90:DSP48E2_X4Y91 SLICE_X17Y220:SLICE_X17Y224 DSP48E2_X4Y88:DSP48E2_X4Y89 SLICE_X17Y215:SLICE_X17Y219 DSP48E2_X4Y86:DSP48E2_X4Y87 SLICE_X17Y210:SLICE_X17Y214 DSP48E2_X4Y84:DSP48E2_X4Y85 SLICE_X17Y205:SLICE_X17Y209 DSP48E2_X4Y82:DSP48E2_X4Y83 SLICE_X17Y200:SLICE_X17Y204 DSP48E2_X4Y80:DSP48E2_X4Y81 SLICE_X17Y195:SLICE_X17Y199 DSP48E2_X4Y78:DSP48E2_X4Y79 SLICE_X17Y190:SLICE_X17Y194 DSP48E2_X4Y76:DSP48E2_X4Y77 SLICE_X17Y185:SLICE_X17Y189 DSP48E2_X4Y74:DSP48E2_X4Y75 SLICE_X17Y180:SLICE_X17Y184 DSP48E2_X4Y72:DSP48E2_X4Y73 SLICE_X17Y175:SLICE_X17Y179 DSP48E2_X4Y70:DSP48E2_X4Y71 SLICE_X17Y170:SLICE_X17Y174 DSP48E2_X4Y68:DSP48E2_X4Y69 SLICE_X17Y165:SLICE_X17Y169 DSP48E2_X4Y66:DSP48E2_X4Y67 SLICE_X17Y160:SLICE_X17Y164 DSP48E2_X4Y64:DSP48E2_X4Y65 SLICE_X17Y155:SLICE_X17Y159 DSP48E2_X4Y62:DSP48E2_X4Y63 SLICE_X17Y150:SLICE_X17Y154 DSP48E2_X4Y60:DSP48E2_X4Y61 SLICE_X17Y145:SLICE_X17Y149 DSP48E2_X4Y58:DSP48E2_X4Y59 SLICE_X17Y140:SLICE_X17Y144 DSP48E2_X4Y56:DSP48E2_X4Y57 SLICE_X17Y135:SLICE_X17Y139 DSP48E2_X4Y54:DSP48E2_X4Y55 SLICE_X17Y130:SLICE_X17Y134 DSP48E2_X4Y52:DSP48E2_X4Y53 SLICE_X17Y125:SLICE_X17Y129 DSP48E2_X4Y50:DSP48E2_X4Y51 SLICE_X17Y120:SLICE_X17Y124 DSP48E2_X4Y48:DSP48E2_X4Y49 SLICE_X17Y115:SLICE_X17Y119 DSP48E2_X4Y46:DSP48E2_X4Y47 SLICE_X17Y110:SLICE_X17Y114 DSP48E2_X4Y44:DSP48E2_X4Y45 SLICE_X17Y105:SLICE_X17Y109 DSP48E2_X4Y42:DSP48E2_X4Y43 SLICE_X17Y95:SLICE_X17Y99 DSP48E2_X4Y38:DSP48E2_X4Y39 SLICE_X17Y90:SLICE_X17Y94 DSP48E2_X4Y36:DSP48E2_X4Y37 SLICE_X17Y85:SLICE_X17Y89 DSP48E2_X4Y34:DSP48E2_X4Y35 SLICE_X17Y80:SLICE_X17Y84 DSP48E2_X4Y32:DSP48E2_X4Y33 SLICE_X17Y75:SLICE_X17Y79 DSP48E2_X4Y30:DSP48E2_X4Y31 SLICE_X17Y70:SLICE_X17Y74 DSP48E2_X4Y28:DSP48E2_X4Y29 SLICE_X17Y65:SLICE_X17Y69 DSP48E2_X4Y26:DSP48E2_X4Y27 SLICE_X17Y60:SLICE_X17Y64 DSP48E2_X4Y24:DSP48E2_X4Y25 SLICE_X17Y55:SLICE_X17Y59 DSP48E2_X4Y22:DSP48E2_X4Y23 SLICE_X17Y50:SLICE_X17Y54 DSP48E2_X4Y20:DSP48E2_X4Y21 SLICE_X17Y45:SLICE_X17Y49 DSP48E2_X4Y18:DSP48E2_X4Y19 SLICE_X17Y40:SLICE_X17Y44 DSP48E2_X4Y16:DSP48E2_X4Y17 SLICE_X17Y35:SLICE_X17Y39 DSP48E2_X4Y14:DSP48E2_X4Y15 SLICE_X17Y30:SLICE_X17Y34 DSP48E2_X4Y12:DSP48E2_X4Y13 SLICE_X17Y25:SLICE_X17Y29 DSP48E2_X4Y10:DSP48E2_X4Y11 SLICE_X17Y20:SLICE_X17Y24 DSP48E2_X4Y8:DSP48E2_X4Y9 SLICE_X17Y15:SLICE_X17Y19 DSP48E2_X4Y6:DSP48E2_X4Y7 SLICE_X17Y10:SLICE_X17Y14 DSP48E2_X4Y4:DSP48E2_X4Y5 SLICE_X17Y5:SLICE_X17Y9 DSP48E2_X4Y2:DSP48E2_X4Y3 SLICE_X17Y0:SLICE_X17Y4 DSP48E2_X4Y0:DSP48E2_X4Y1 }
Related violations: <none>

HDPRA-56#2 Advisory
Narrow Gap without Location Constraints  
RP pblock 'pblock_u_rp' contains a narrow gap that may impact implementation results.  Removing the gap by absorbing the locations into the RP pblock may improve implementation and allow for continuous placement.  TAG='56_G14_RP1_S'.  Use the following command to adjust the RP to include the locations in the gap: 
	 resize_pblock pblock_u_rp -add {SLICE_X20Y235:SLICE_X20Y239 DSP48E2_X5Y94:DSP48E2_X5Y95 SLICE_X20Y230:SLICE_X20Y234 DSP48E2_X5Y92:DSP48E2_X5Y93 SLICE_X20Y225:SLICE_X20Y229 DSP48E2_X5Y90:DSP48E2_X5Y91 SLICE_X20Y220:SLICE_X20Y224 DSP48E2_X5Y88:DSP48E2_X5Y89 SLICE_X20Y215:SLICE_X20Y219 DSP48E2_X5Y86:DSP48E2_X5Y87 SLICE_X20Y210:SLICE_X20Y214 DSP48E2_X5Y84:DSP48E2_X5Y85 SLICE_X20Y205:SLICE_X20Y209 DSP48E2_X5Y82:DSP48E2_X5Y83 SLICE_X20Y200:SLICE_X20Y204 DSP48E2_X5Y80:DSP48E2_X5Y81 SLICE_X20Y195:SLICE_X20Y199 DSP48E2_X5Y78:DSP48E2_X5Y79 SLICE_X20Y190:SLICE_X20Y194 DSP48E2_X5Y76:DSP48E2_X5Y77 SLICE_X20Y185:SLICE_X20Y189 DSP48E2_X5Y74:DSP48E2_X5Y75 SLICE_X20Y180:SLICE_X20Y184 DSP48E2_X5Y72:DSP48E2_X5Y73 SLICE_X20Y175:SLICE_X20Y179 DSP48E2_X5Y70:DSP48E2_X5Y71 SLICE_X20Y170:SLICE_X20Y174 DSP48E2_X5Y68:DSP48E2_X5Y69 SLICE_X20Y165:SLICE_X20Y169 DSP48E2_X5Y66:DSP48E2_X5Y67 SLICE_X20Y160:SLICE_X20Y164 DSP48E2_X5Y64:DSP48E2_X5Y65 SLICE_X20Y155:SLICE_X20Y159 DSP48E2_X5Y62:DSP48E2_X5Y63 SLICE_X20Y150:SLICE_X20Y154 DSP48E2_X5Y60:DSP48E2_X5Y61 SLICE_X20Y145:SLICE_X20Y149 DSP48E2_X5Y58:DSP48E2_X5Y59 SLICE_X20Y140:SLICE_X20Y144 DSP48E2_X5Y56:DSP48E2_X5Y57 SLICE_X20Y135:SLICE_X20Y139 DSP48E2_X5Y54:DSP48E2_X5Y55 SLICE_X20Y130:SLICE_X20Y134 DSP48E2_X5Y52:DSP48E2_X5Y53 SLICE_X20Y125:SLICE_X20Y129 DSP48E2_X5Y50:DSP48E2_X5Y51 SLICE_X20Y120:SLICE_X20Y124 DSP48E2_X5Y48:DSP48E2_X5Y49 SLICE_X20Y115:SLICE_X20Y119 DSP48E2_X5Y46:DSP48E2_X5Y47 SLICE_X20Y110:SLICE_X20Y114 DSP48E2_X5Y44:DSP48E2_X5Y45 SLICE_X20Y105:SLICE_X20Y109 DSP48E2_X5Y42:DSP48E2_X5Y43 SLICE_X20Y100:SLICE_X20Y104 DSP48E2_X5Y40:DSP48E2_X5Y41 SLICE_X20Y95:SLICE_X20Y99 DSP48E2_X5Y38:DSP48E2_X5Y39 SLICE_X20Y90:SLICE_X20Y94 DSP48E2_X5Y36:DSP48E2_X5Y37 SLICE_X20Y85:SLICE_X20Y89 DSP48E2_X5Y34:DSP48E2_X5Y35 SLICE_X20Y80:SLICE_X20Y84 DSP48E2_X5Y32:DSP48E2_X5Y33 SLICE_X20Y75:SLICE_X20Y79 DSP48E2_X5Y30:DSP48E2_X5Y31 SLICE_X20Y70:SLICE_X20Y74 DSP48E2_X5Y28:DSP48E2_X5Y29 SLICE_X20Y65:SLICE_X20Y69 DSP48E2_X5Y26:DSP48E2_X5Y27 SLICE_X20Y60:SLICE_X20Y64 DSP48E2_X5Y24:DSP48E2_X5Y25 SLICE_X20Y55:SLICE_X20Y59 DSP48E2_X5Y22:DSP48E2_X5Y23 SLICE_X20Y50:SLICE_X20Y54 DSP48E2_X5Y20:DSP48E2_X5Y21 SLICE_X20Y45:SLICE_X20Y49 DSP48E2_X5Y18:DSP48E2_X5Y19 SLICE_X20Y40:SLICE_X20Y44 DSP48E2_X5Y16:DSP48E2_X5Y17 SLICE_X20Y35:SLICE_X20Y39 DSP48E2_X5Y14:DSP48E2_X5Y15 SLICE_X20Y30:SLICE_X20Y34 DSP48E2_X5Y12:DSP48E2_X5Y13 SLICE_X20Y25:SLICE_X20Y29 DSP48E2_X5Y10:DSP48E2_X5Y11 SLICE_X20Y20:SLICE_X20Y24 DSP48E2_X5Y8:DSP48E2_X5Y9 SLICE_X20Y15:SLICE_X20Y19 DSP48E2_X5Y6:DSP48E2_X5Y7 SLICE_X20Y10:SLICE_X20Y14 DSP48E2_X5Y4:DSP48E2_X5Y5 SLICE_X20Y5:SLICE_X20Y9 DSP48E2_X5Y2:DSP48E2_X5Y3 SLICE_X20Y0:SLICE_X20Y4 DSP48E2_X5Y0:DSP48E2_X5Y1 }
Related violations: <none>

HDPRA-56#3 Advisory
Narrow Gap without Location Constraints  
RP pblock 'pblock_u_rp' contains a narrow gap that may impact implementation results.  Removing the gap by absorbing the locations into the RP pblock may improve implementation and allow for continuous placement.  TAG='56_G22_RP1_S'.  Use the following command to adjust the RP to include the locations in the gap: 
	 resize_pblock pblock_u_rp -add {SLICE_X31Y235:SLICE_X31Y239 DSP48E2_X8Y94:DSP48E2_X8Y95 SLICE_X31Y230:SLICE_X31Y234 DSP48E2_X8Y92:DSP48E2_X8Y93 SLICE_X31Y225:SLICE_X31Y229 DSP48E2_X8Y90:DSP48E2_X8Y91 SLICE_X31Y220:SLICE_X31Y224 DSP48E2_X8Y88:DSP48E2_X8Y89 SLICE_X31Y215:SLICE_X31Y219 DSP48E2_X8Y86:DSP48E2_X8Y87 SLICE_X31Y210:SLICE_X31Y214 DSP48E2_X8Y84:DSP48E2_X8Y85 SLICE_X31Y205:SLICE_X31Y209 DSP48E2_X8Y82:DSP48E2_X8Y83 SLICE_X31Y200:SLICE_X31Y204 DSP48E2_X8Y80:DSP48E2_X8Y81 SLICE_X31Y195:SLICE_X31Y199 DSP48E2_X8Y78:DSP48E2_X8Y79 SLICE_X31Y190:SLICE_X31Y194 DSP48E2_X8Y76:DSP48E2_X8Y77 SLICE_X31Y185:SLICE_X31Y189 DSP48E2_X8Y74:DSP48E2_X8Y75 SLICE_X31Y180:SLICE_X31Y184 DSP48E2_X8Y72:DSP48E2_X8Y73 SLICE_X31Y175:SLICE_X31Y179 DSP48E2_X8Y70:DSP48E2_X8Y71 SLICE_X31Y170:SLICE_X31Y174 DSP48E2_X8Y68:DSP48E2_X8Y69 SLICE_X31Y165:SLICE_X31Y169 DSP48E2_X8Y66:DSP48E2_X8Y67 SLICE_X31Y160:SLICE_X31Y164 DSP48E2_X8Y64:DSP48E2_X8Y65 SLICE_X31Y155:SLICE_X31Y159 DSP48E2_X8Y62:DSP48E2_X8Y63 SLICE_X31Y150:SLICE_X31Y154 DSP48E2_X8Y60:DSP48E2_X8Y61 SLICE_X31Y145:SLICE_X31Y149 DSP48E2_X8Y58:DSP48E2_X8Y59 SLICE_X31Y140:SLICE_X31Y144 DSP48E2_X8Y56:DSP48E2_X8Y57 SLICE_X31Y135:SLICE_X31Y139 DSP48E2_X8Y54:DSP48E2_X8Y55 SLICE_X31Y130:SLICE_X31Y134 DSP48E2_X8Y52:DSP48E2_X8Y53 SLICE_X31Y125:SLICE_X31Y129 DSP48E2_X8Y50:DSP48E2_X8Y51 SLICE_X31Y115:SLICE_X31Y119 DSP48E2_X8Y46:DSP48E2_X8Y47 SLICE_X31Y110:SLICE_X31Y114 DSP48E2_X8Y44:DSP48E2_X8Y45 SLICE_X31Y105:SLICE_X31Y109 DSP48E2_X8Y42:DSP48E2_X8Y43 SLICE_X31Y100:SLICE_X31Y104 DSP48E2_X8Y40:DSP48E2_X8Y41 SLICE_X31Y95:SLICE_X31Y99 DSP48E2_X8Y38:DSP48E2_X8Y39 SLICE_X31Y90:SLICE_X31Y94 DSP48E2_X8Y36:DSP48E2_X8Y37 SLICE_X31Y85:SLICE_X31Y89 DSP48E2_X8Y34:DSP48E2_X8Y35 SLICE_X31Y80:SLICE_X31Y84 DSP48E2_X8Y32:DSP48E2_X8Y33 SLICE_X31Y75:SLICE_X31Y79 DSP48E2_X8Y30:DSP48E2_X8Y31 SLICE_X31Y65:SLICE_X31Y69 DSP48E2_X8Y26:DSP48E2_X8Y27 SLICE_X31Y55:SLICE_X31Y59 DSP48E2_X8Y22:DSP48E2_X8Y23 SLICE_X31Y50:SLICE_X31Y54 DSP48E2_X8Y20:DSP48E2_X8Y21 SLICE_X31Y45:SLICE_X31Y49 DSP48E2_X8Y18:DSP48E2_X8Y19 SLICE_X31Y40:SLICE_X31Y44 DSP48E2_X8Y16:DSP48E2_X8Y17 SLICE_X31Y35:SLICE_X31Y39 DSP48E2_X8Y14:DSP48E2_X8Y15 SLICE_X31Y30:SLICE_X31Y34 DSP48E2_X8Y12:DSP48E2_X8Y13 SLICE_X31Y25:SLICE_X31Y29 DSP48E2_X8Y10:DSP48E2_X8Y11 SLICE_X31Y20:SLICE_X31Y24 DSP48E2_X8Y8:DSP48E2_X8Y9 SLICE_X31Y15:SLICE_X31Y19 DSP48E2_X8Y6:DSP48E2_X8Y7 SLICE_X31Y10:SLICE_X31Y14 DSP48E2_X8Y4:DSP48E2_X8Y5 SLICE_X31Y5:SLICE_X31Y9 DSP48E2_X8Y2:DSP48E2_X8Y3 SLICE_X31Y0:SLICE_X31Y4 DSP48E2_X8Y0:DSP48E2_X8Y1 }
Related violations: <none>

HDPRA-56#4 Advisory
Narrow Gap without Location Constraints  
RP pblock 'pblock_u_rp' contains a narrow gap that may impact implementation results.  Removing the gap by absorbing the locations into the RP pblock may improve implementation and allow for continuous placement.  TAG='56_G24_RP1_S'.  Use the following command to adjust the RP to include the locations in the gap: 
	 resize_pblock pblock_u_rp -add {SLICE_X34Y235:SLICE_X34Y239 DSP48E2_X9Y94:DSP48E2_X9Y95 SLICE_X34Y230:SLICE_X34Y234 DSP48E2_X9Y92:DSP48E2_X9Y93 SLICE_X34Y225:SLICE_X34Y229 DSP48E2_X9Y90:DSP48E2_X9Y91 SLICE_X34Y220:SLICE_X34Y224 DSP48E2_X9Y88:DSP48E2_X9Y89 SLICE_X34Y215:SLICE_X34Y219 DSP48E2_X9Y86:DSP48E2_X9Y87 SLICE_X34Y210:SLICE_X34Y214 DSP48E2_X9Y84:DSP48E2_X9Y85 SLICE_X34Y205:SLICE_X34Y209 DSP48E2_X9Y82:DSP48E2_X9Y83 SLICE_X34Y200:SLICE_X34Y204 DSP48E2_X9Y80:DSP48E2_X9Y81 SLICE_X34Y195:SLICE_X34Y199 DSP48E2_X9Y78:DSP48E2_X9Y79 SLICE_X34Y190:SLICE_X34Y194 DSP48E2_X9Y76:DSP48E2_X9Y77 SLICE_X34Y185:SLICE_X34Y189 DSP48E2_X9Y74:DSP48E2_X9Y75 SLICE_X34Y180:SLICE_X34Y184 DSP48E2_X9Y72:DSP48E2_X9Y73 SLICE_X34Y175:SLICE_X34Y179 DSP48E2_X9Y70:DSP48E2_X9Y71 SLICE_X34Y170:SLICE_X34Y174 DSP48E2_X9Y68:DSP48E2_X9Y69 SLICE_X34Y165:SLICE_X34Y169 DSP48E2_X9Y66:DSP48E2_X9Y67 SLICE_X34Y160:SLICE_X34Y164 DSP48E2_X9Y64:DSP48E2_X9Y65 SLICE_X34Y155:SLICE_X34Y159 DSP48E2_X9Y62:DSP48E2_X9Y63 SLICE_X34Y150:SLICE_X34Y154 DSP48E2_X9Y60:DSP48E2_X9Y61 SLICE_X34Y145:SLICE_X34Y149 DSP48E2_X9Y58:DSP48E2_X9Y59 SLICE_X34Y140:SLICE_X34Y144 DSP48E2_X9Y56:DSP48E2_X9Y57 SLICE_X34Y135:SLICE_X34Y139 DSP48E2_X9Y54:DSP48E2_X9Y55 SLICE_X34Y130:SLICE_X34Y134 DSP48E2_X9Y52:DSP48E2_X9Y53 SLICE_X34Y125:SLICE_X34Y129 DSP48E2_X9Y50:DSP48E2_X9Y51 SLICE_X34Y110:SLICE_X34Y114 DSP48E2_X9Y44:DSP48E2_X9Y45 SLICE_X34Y105:SLICE_X34Y109 DSP48E2_X9Y42:DSP48E2_X9Y43 SLICE_X34Y100:SLICE_X34Y104 DSP48E2_X9Y40:DSP48E2_X9Y41 SLICE_X34Y95:SLICE_X34Y99 DSP48E2_X9Y38:DSP48E2_X9Y39 SLICE_X34Y85:SLICE_X34Y89 DSP48E2_X9Y34:DSP48E2_X9Y35 SLICE_X34Y80:SLICE_X34Y84 DSP48E2_X9Y32:DSP48E2_X9Y33 SLICE_X34Y70:SLICE_X34Y74 DSP48E2_X9Y28:DSP48E2_X9Y29 SLICE_X34Y65:SLICE_X34Y69 DSP48E2_X9Y26:DSP48E2_X9Y27 SLICE_X34Y60:SLICE_X34Y64 DSP48E2_X9Y24:DSP48E2_X9Y25 SLICE_X34Y55:SLICE_X34Y59 DSP48E2_X9Y22:DSP48E2_X9Y23 SLICE_X34Y50:SLICE_X34Y54 DSP48E2_X9Y20:DSP48E2_X9Y21 SLICE_X34Y45:SLICE_X34Y49 DSP48E2_X9Y18:DSP48E2_X9Y19 SLICE_X34Y40:SLICE_X34Y44 DSP48E2_X9Y16:DSP48E2_X9Y17 SLICE_X34Y35:SLICE_X34Y39 DSP48E2_X9Y14:DSP48E2_X9Y15 SLICE_X34Y30:SLICE_X34Y34 DSP48E2_X9Y12:DSP48E2_X9Y13 SLICE_X34Y25:SLICE_X34Y29 DSP48E2_X9Y10:DSP48E2_X9Y11 SLICE_X34Y20:SLICE_X34Y24 DSP48E2_X9Y8:DSP48E2_X9Y9 SLICE_X34Y15:SLICE_X34Y19 DSP48E2_X9Y6:DSP48E2_X9Y7 SLICE_X34Y10:SLICE_X34Y14 DSP48E2_X9Y4:DSP48E2_X9Y5 SLICE_X34Y5:SLICE_X34Y9 DSP48E2_X9Y2:DSP48E2_X9Y3 SLICE_X34Y0:SLICE_X34Y4 DSP48E2_X9Y0:DSP48E2_X9Y1 }
Related violations: <none>

HDPRA-56#5 Advisory
Narrow Gap without Location Constraints  
RP pblock 'pblock_u_rp' contains a narrow gap that may impact implementation results.  Removing the gap by absorbing the locations into the RP pblock may improve implementation and allow for continuous placement.  TAG='56_G26_RP1_S'.  Use the following command to adjust the RP to include the locations in the gap: 
	 resize_pblock pblock_u_rp -add {SLICE_X37Y235:SLICE_X37Y239 DSP48E2_X10Y94:DSP48E2_X10Y95 SLICE_X37Y230:SLICE_X37Y234 DSP48E2_X10Y92:DSP48E2_X10Y93 SLICE_X37Y225:SLICE_X37Y229 DSP48E2_X10Y90:DSP48E2_X10Y91 SLICE_X37Y220:SLICE_X37Y224 DSP48E2_X10Y88:DSP48E2_X10Y89 SLICE_X37Y215:SLICE_X37Y219 DSP48E2_X10Y86:DSP48E2_X10Y87 SLICE_X37Y210:SLICE_X37Y214 DSP48E2_X10Y84:DSP48E2_X10Y85 SLICE_X37Y205:SLICE_X37Y209 DSP48E2_X10Y82:DSP48E2_X10Y83 SLICE_X37Y200:SLICE_X37Y204 DSP48E2_X10Y80:DSP48E2_X10Y81 SLICE_X37Y195:SLICE_X37Y199 DSP48E2_X10Y78:DSP48E2_X10Y79 SLICE_X37Y190:SLICE_X37Y194 DSP48E2_X10Y76:DSP48E2_X10Y77 SLICE_X37Y185:SLICE_X37Y189 DSP48E2_X10Y74:DSP48E2_X10Y75 SLICE_X37Y180:SLICE_X37Y184 DSP48E2_X10Y72:DSP48E2_X10Y73 SLICE_X37Y175:SLICE_X37Y179 DSP48E2_X10Y70:DSP48E2_X10Y71 SLICE_X37Y170:SLICE_X37Y174 DSP48E2_X10Y68:DSP48E2_X10Y69 SLICE_X37Y165:SLICE_X37Y169 DSP48E2_X10Y66:DSP48E2_X10Y67 SLICE_X37Y160:SLICE_X37Y164 DSP48E2_X10Y64:DSP48E2_X10Y65 SLICE_X37Y155:SLICE_X37Y159 DSP48E2_X10Y62:DSP48E2_X10Y63 SLICE_X37Y150:SLICE_X37Y154 DSP48E2_X10Y60:DSP48E2_X10Y61 SLICE_X37Y145:SLICE_X37Y149 DSP48E2_X10Y58:DSP48E2_X10Y59 SLICE_X37Y140:SLICE_X37Y144 DSP48E2_X10Y56:DSP48E2_X10Y57 SLICE_X37Y135:SLICE_X37Y139 DSP48E2_X10Y54:DSP48E2_X10Y55 SLICE_X37Y130:SLICE_X37Y134 DSP48E2_X10Y52:DSP48E2_X10Y53 SLICE_X37Y125:SLICE_X37Y129 DSP48E2_X10Y50:DSP48E2_X10Y51 SLICE_X37Y120:SLICE_X37Y124 DSP48E2_X10Y48:DSP48E2_X10Y49 SLICE_X37Y115:SLICE_X37Y119 DSP48E2_X10Y46:DSP48E2_X10Y47 SLICE_X37Y110:SLICE_X37Y114 DSP48E2_X10Y44:DSP48E2_X10Y45 SLICE_X37Y105:SLICE_X37Y109 DSP48E2_X10Y42:DSP48E2_X10Y43 SLICE_X37Y100:SLICE_X37Y104 DSP48E2_X10Y40:DSP48E2_X10Y41 SLICE_X37Y85:SLICE_X37Y89 DSP48E2_X10Y34:DSP48E2_X10Y35 SLICE_X37Y80:SLICE_X37Y84 DSP48E2_X10Y32:DSP48E2_X10Y33 SLICE_X37Y75:SLICE_X37Y79 DSP48E2_X10Y30:DSP48E2_X10Y31 SLICE_X37Y70:SLICE_X37Y74 DSP48E2_X10Y28:DSP48E2_X10Y29 SLICE_X37Y65:SLICE_X37Y69 DSP48E2_X10Y26:DSP48E2_X10Y27 SLICE_X37Y60:SLICE_X37Y64 DSP48E2_X10Y24:DSP48E2_X10Y25 SLICE_X37Y55:SLICE_X37Y59 DSP48E2_X10Y22:DSP48E2_X10Y23 SLICE_X37Y50:SLICE_X37Y54 DSP48E2_X10Y20:DSP48E2_X10Y21 SLICE_X37Y45:SLICE_X37Y49 DSP48E2_X10Y18:DSP48E2_X10Y19 SLICE_X37Y40:SLICE_X37Y44 DSP48E2_X10Y16:DSP48E2_X10Y17 SLICE_X37Y35:SLICE_X37Y39 DSP48E2_X10Y14:DSP48E2_X10Y15 SLICE_X37Y30:SLICE_X37Y34 DSP48E2_X10Y12:DSP48E2_X10Y13 SLICE_X37Y25:SLICE_X37Y29 DSP48E2_X10Y10:DSP48E2_X10Y11 SLICE_X37Y20:SLICE_X37Y24 DSP48E2_X10Y8:DSP48E2_X10Y9 SLICE_X37Y15:SLICE_X37Y19 DSP48E2_X10Y6:DSP48E2_X10Y7 SLICE_X37Y10:SLICE_X37Y14 DSP48E2_X10Y4:DSP48E2_X10Y5 SLICE_X37Y5:SLICE_X37Y9 DSP48E2_X10Y2:DSP48E2_X10Y3 SLICE_X37Y0:SLICE_X37Y4 DSP48E2_X10Y0:DSP48E2_X10Y1 }
Related violations: <none>

HDPRA-56#6 Advisory
Narrow Gap without Location Constraints  
RP pblock 'pblock_u_rp' contains a narrow gap that may impact implementation results.  Removing the gap by absorbing the locations into the RP pblock may improve implementation and allow for continuous placement.  TAG='56_G28_RP1_S'.  Use the following command to adjust the RP to include the locations in the gap: 
	 resize_pblock pblock_u_rp -add {SLICE_X40Y235:SLICE_X40Y239 DSP48E2_X11Y94:DSP48E2_X11Y95 SLICE_X40Y230:SLICE_X40Y234 DSP48E2_X11Y92:DSP48E2_X11Y93 SLICE_X40Y225:SLICE_X40Y229 DSP48E2_X11Y90:DSP48E2_X11Y91 SLICE_X40Y220:SLICE_X40Y224 DSP48E2_X11Y88:DSP48E2_X11Y89 SLICE_X40Y215:SLICE_X40Y219 DSP48E2_X11Y86:DSP48E2_X11Y87 SLICE_X40Y210:SLICE_X40Y214 DSP48E2_X11Y84:DSP48E2_X11Y85 SLICE_X40Y205:SLICE_X40Y209 DSP48E2_X11Y82:DSP48E2_X11Y83 SLICE_X40Y200:SLICE_X40Y204 DSP48E2_X11Y80:DSP48E2_X11Y81 SLICE_X40Y195:SLICE_X40Y199 DSP48E2_X11Y78:DSP48E2_X11Y79 SLICE_X40Y190:SLICE_X40Y194 DSP48E2_X11Y76:DSP48E2_X11Y77 SLICE_X40Y185:SLICE_X40Y189 DSP48E2_X11Y74:DSP48E2_X11Y75 SLICE_X40Y180:SLICE_X40Y184 DSP48E2_X11Y72:DSP48E2_X11Y73 SLICE_X40Y175:SLICE_X40Y179 DSP48E2_X11Y70:DSP48E2_X11Y71 SLICE_X40Y170:SLICE_X40Y174 DSP48E2_X11Y68:DSP48E2_X11Y69 SLICE_X40Y165:SLICE_X40Y169 DSP48E2_X11Y66:DSP48E2_X11Y67 SLICE_X40Y160:SLICE_X40Y164 DSP48E2_X11Y64:DSP48E2_X11Y65 SLICE_X40Y155:SLICE_X40Y159 DSP48E2_X11Y62:DSP48E2_X11Y63 SLICE_X40Y150:SLICE_X40Y154 DSP48E2_X11Y60:DSP48E2_X11Y61 SLICE_X40Y145:SLICE_X40Y149 DSP48E2_X11Y58:DSP48E2_X11Y59 SLICE_X40Y140:SLICE_X40Y144 DSP48E2_X11Y56:DSP48E2_X11Y57 SLICE_X40Y135:SLICE_X40Y139 DSP48E2_X11Y54:DSP48E2_X11Y55 SLICE_X40Y105:SLICE_X40Y109 DSP48E2_X11Y42:DSP48E2_X11Y43 SLICE_X40Y100:SLICE_X40Y104 DSP48E2_X11Y40:DSP48E2_X11Y41 SLICE_X40Y90:SLICE_X40Y94 DSP48E2_X11Y36:DSP48E2_X11Y37 SLICE_X40Y85:SLICE_X40Y89 DSP48E2_X11Y34:DSP48E2_X11Y35 SLICE_X40Y75:SLICE_X40Y79 DSP48E2_X11Y30:DSP48E2_X11Y31 SLICE_X40Y70:SLICE_X40Y74 DSP48E2_X11Y28:DSP48E2_X11Y29 SLICE_X40Y65:SLICE_X40Y69 DSP48E2_X11Y26:DSP48E2_X11Y27 SLICE_X40Y60:SLICE_X40Y64 DSP48E2_X11Y24:DSP48E2_X11Y25 SLICE_X40Y55:SLICE_X40Y59 DSP48E2_X11Y22:DSP48E2_X11Y23 SLICE_X40Y50:SLICE_X40Y54 DSP48E2_X11Y20:DSP48E2_X11Y21 SLICE_X40Y45:SLICE_X40Y49 DSP48E2_X11Y18:DSP48E2_X11Y19 SLICE_X40Y40:SLICE_X40Y44 DSP48E2_X11Y16:DSP48E2_X11Y17 SLICE_X40Y35:SLICE_X40Y39 DSP48E2_X11Y14:DSP48E2_X11Y15 SLICE_X40Y30:SLICE_X40Y34 DSP48E2_X11Y12:DSP48E2_X11Y13 SLICE_X40Y25:SLICE_X40Y29 DSP48E2_X11Y10:DSP48E2_X11Y11 SLICE_X40Y15:SLICE_X40Y19 DSP48E2_X11Y6:DSP48E2_X11Y7 SLICE_X40Y10:SLICE_X40Y14 DSP48E2_X11Y4:DSP48E2_X11Y5 SLICE_X40Y5:SLICE_X40Y9 DSP48E2_X11Y2:DSP48E2_X11Y3 SLICE_X40Y0:SLICE_X40Y4 DSP48E2_X11Y0:DSP48E2_X11Y1 }
Related violations: <none>

HDPRA-56#7 Advisory
Narrow Gap without Location Constraints  
RP pblock 'pblock_u_rp' contains a narrow gap that may impact implementation results.  Removing the gap by absorbing the locations into the RP pblock may improve implementation and allow for continuous placement.  TAG='56_G30_RP1_S'.  Use the following command to adjust the RP to include the locations in the gap: 
	 resize_pblock pblock_u_rp -add {SLICE_X43Y225:SLICE_X44Y239 URAM288_X0Y60:URAM288_X0Y63 SLICE_X43Y210:SLICE_X44Y224 URAM288_X0Y56:URAM288_X0Y59 SLICE_X43Y195:SLICE_X44Y209 URAM288_X0Y52:URAM288_X0Y55 SLICE_X43Y180:SLICE_X44Y194 URAM288_X0Y48:URAM288_X0Y51 SLICE_X43Y165:SLICE_X44Y179 URAM288_X0Y44:URAM288_X0Y47 SLICE_X43Y150:SLICE_X44Y164 URAM288_X0Y40:URAM288_X0Y43 SLICE_X43Y135:SLICE_X44Y149 URAM288_X0Y36:URAM288_X0Y39 SLICE_X43Y15:SLICE_X44Y29 URAM288_X0Y4:URAM288_X0Y7 SLICE_X43Y0:SLICE_X44Y14 URAM288_X0Y0:URAM288_X0Y3 }
Related violations: <none>

HDPRA-56#8 Advisory
Narrow Gap without Location Constraints  
RP pblock 'pblock_u_rp' contains a narrow gap that may impact implementation results.  Removing the gap by absorbing the locations into the RP pblock may improve implementation and allow for continuous placement.  TAG='56_G3_RP1_S'.  Use the following command to adjust the RP to include the locations in the gap: 
	 resize_pblock pblock_u_rp -add {SLICE_X4Y235:SLICE_X4Y239 DSP48E2_X1Y94:DSP48E2_X1Y95 SLICE_X4Y230:SLICE_X4Y234 DSP48E2_X1Y92:DSP48E2_X1Y93 SLICE_X4Y225:SLICE_X4Y229 DSP48E2_X1Y90:DSP48E2_X1Y91 SLICE_X4Y220:SLICE_X4Y224 DSP48E2_X1Y88:DSP48E2_X1Y89 SLICE_X4Y215:SLICE_X4Y219 DSP48E2_X1Y86:DSP48E2_X1Y87 SLICE_X4Y210:SLICE_X4Y214 DSP48E2_X1Y84:DSP48E2_X1Y85 SLICE_X4Y205:SLICE_X4Y209 DSP48E2_X1Y82:DSP48E2_X1Y83 SLICE_X4Y200:SLICE_X4Y204 DSP48E2_X1Y80:DSP48E2_X1Y81 SLICE_X4Y195:SLICE_X4Y199 DSP48E2_X1Y78:DSP48E2_X1Y79 SLICE_X4Y190:SLICE_X4Y194 DSP48E2_X1Y76:DSP48E2_X1Y77 SLICE_X4Y180:SLICE_X4Y184 DSP48E2_X1Y72:DSP48E2_X1Y73 SLICE_X4Y175:SLICE_X4Y179 DSP48E2_X1Y70:DSP48E2_X1Y71 SLICE_X4Y165:SLICE_X4Y169 DSP48E2_X1Y66:DSP48E2_X1Y67 SLICE_X4Y160:SLICE_X4Y164 DSP48E2_X1Y64:DSP48E2_X1Y65 SLICE_X4Y155:SLICE_X4Y159 DSP48E2_X1Y62:DSP48E2_X1Y63 SLICE_X4Y150:SLICE_X4Y154 DSP48E2_X1Y60:DSP48E2_X1Y61 SLICE_X4Y145:SLICE_X4Y149 DSP48E2_X1Y58:DSP48E2_X1Y59 SLICE_X4Y140:SLICE_X4Y144 DSP48E2_X1Y56:DSP48E2_X1Y57 SLICE_X4Y130:SLICE_X4Y134 DSP48E2_X1Y52:DSP48E2_X1Y53 SLICE_X4Y115:SLICE_X4Y119 DSP48E2_X1Y46:DSP48E2_X1Y47 SLICE_X4Y110:SLICE_X4Y114 DSP48E2_X1Y44:DSP48E2_X1Y45 SLICE_X4Y105:SLICE_X4Y109 DSP48E2_X1Y42:DSP48E2_X1Y43 SLICE_X4Y100:SLICE_X4Y104 DSP48E2_X1Y40:DSP48E2_X1Y41 SLICE_X4Y70:SLICE_X4Y74 DSP48E2_X1Y28:DSP48E2_X1Y29 SLICE_X4Y60:SLICE_X4Y64 DSP48E2_X1Y24:DSP48E2_X1Y25 SLICE_X4Y50:SLICE_X4Y54 DSP48E2_X1Y20:DSP48E2_X1Y21 SLICE_X4Y45:SLICE_X4Y49 DSP48E2_X1Y18:DSP48E2_X1Y19 SLICE_X4Y35:SLICE_X4Y39 DSP48E2_X1Y14:DSP48E2_X1Y15 SLICE_X4Y30:SLICE_X4Y34 DSP48E2_X1Y12:DSP48E2_X1Y13 SLICE_X4Y25:SLICE_X4Y29 DSP48E2_X1Y10:DSP48E2_X1Y11 SLICE_X4Y20:SLICE_X4Y24 DSP48E2_X1Y8:DSP48E2_X1Y9 SLICE_X4Y15:SLICE_X4Y19 DSP48E2_X1Y6:DSP48E2_X1Y7 SLICE_X4Y10:SLICE_X4Y14 DSP48E2_X1Y4:DSP48E2_X1Y5 SLICE_X4Y5:SLICE_X4Y9 DSP48E2_X1Y2:DSP48E2_X1Y3 SLICE_X4Y0:SLICE_X4Y4 DSP48E2_X1Y0:DSP48E2_X1Y1 }
Related violations: <none>

HDPRA-56#9 Advisory
Narrow Gap without Location Constraints  
RP pblock 'pblock_u_rp' contains a narrow gap that may impact implementation results.  Removing the gap by absorbing the locations into the RP pblock may improve implementation and allow for continuous placement.  TAG='56_G5_RP1_S'.  Use the following command to adjust the RP to include the locations in the gap: 
	 resize_pblock pblock_u_rp -add {SLICE_X7Y235:SLICE_X7Y239 DSP48E2_X2Y94:DSP48E2_X2Y95 SLICE_X7Y230:SLICE_X7Y234 DSP48E2_X2Y92:DSP48E2_X2Y93 SLICE_X7Y225:SLICE_X7Y229 DSP48E2_X2Y90:DSP48E2_X2Y91 SLICE_X7Y220:SLICE_X7Y224 DSP48E2_X2Y88:DSP48E2_X2Y89 SLICE_X7Y215:SLICE_X7Y219 DSP48E2_X2Y86:DSP48E2_X2Y87 SLICE_X7Y210:SLICE_X7Y214 DSP48E2_X2Y84:DSP48E2_X2Y85 SLICE_X7Y205:SLICE_X7Y209 DSP48E2_X2Y82:DSP48E2_X2Y83 SLICE_X7Y200:SLICE_X7Y204 DSP48E2_X2Y80:DSP48E2_X2Y81 SLICE_X7Y195:SLICE_X7Y199 DSP48E2_X2Y78:DSP48E2_X2Y79 SLICE_X7Y190:SLICE_X7Y194 DSP48E2_X2Y76:DSP48E2_X2Y77 SLICE_X7Y185:SLICE_X7Y189 DSP48E2_X2Y74:DSP48E2_X2Y75 SLICE_X7Y180:SLICE_X7Y184 DSP48E2_X2Y72:DSP48E2_X2Y73 SLICE_X7Y175:SLICE_X7Y179 DSP48E2_X2Y70:DSP48E2_X2Y71 SLICE_X7Y170:SLICE_X7Y174 DSP48E2_X2Y68:DSP48E2_X2Y69 SLICE_X7Y165:SLICE_X7Y169 DSP48E2_X2Y66:DSP48E2_X2Y67 SLICE_X7Y160:SLICE_X7Y164 DSP48E2_X2Y64:DSP48E2_X2Y65 SLICE_X7Y155:SLICE_X7Y159 DSP48E2_X2Y62:DSP48E2_X2Y63 SLICE_X7Y150:SLICE_X7Y154 DSP48E2_X2Y60:DSP48E2_X2Y61 SLICE_X7Y145:SLICE_X7Y149 DSP48E2_X2Y58:DSP48E2_X2Y59 SLICE_X7Y140:SLICE_X7Y144 DSP48E2_X2Y56:DSP48E2_X2Y57 SLICE_X7Y135:SLICE_X7Y139 DSP48E2_X2Y54:DSP48E2_X2Y55 SLICE_X7Y130:SLICE_X7Y134 DSP48E2_X2Y52:DSP48E2_X2Y53 SLICE_X7Y125:SLICE_X7Y129 DSP48E2_X2Y50:DSP48E2_X2Y51 SLICE_X7Y120:SLICE_X7Y124 DSP48E2_X2Y48:DSP48E2_X2Y49 SLICE_X7Y115:SLICE_X7Y119 DSP48E2_X2Y46:DSP48E2_X2Y47 SLICE_X7Y110:SLICE_X7Y114 DSP48E2_X2Y44:DSP48E2_X2Y45 SLICE_X7Y105:SLICE_X7Y109 DSP48E2_X2Y42:DSP48E2_X2Y43 SLICE_X7Y75:SLICE_X7Y79 DSP48E2_X2Y30:DSP48E2_X2Y31 SLICE_X7Y65:SLICE_X7Y69 DSP48E2_X2Y26:DSP48E2_X2Y27 SLICE_X7Y60:SLICE_X7Y64 DSP48E2_X2Y24:DSP48E2_X2Y25 SLICE_X7Y45:SLICE_X7Y49 DSP48E2_X2Y18:DSP48E2_X2Y19 SLICE_X7Y40:SLICE_X7Y44 DSP48E2_X2Y16:DSP48E2_X2Y17 SLICE_X7Y35:SLICE_X7Y39 DSP48E2_X2Y14:DSP48E2_X2Y15 SLICE_X7Y30:SLICE_X7Y34 DSP48E2_X2Y12:DSP48E2_X2Y13 SLICE_X7Y25:SLICE_X7Y29 DSP48E2_X2Y10:DSP48E2_X2Y11 SLICE_X7Y20:SLICE_X7Y24 DSP48E2_X2Y8:DSP48E2_X2Y9 SLICE_X7Y15:SLICE_X7Y19 DSP48E2_X2Y6:DSP48E2_X2Y7 SLICE_X7Y10:SLICE_X7Y14 DSP48E2_X2Y4:DSP48E2_X2Y5 SLICE_X7Y5:SLICE_X7Y9 DSP48E2_X2Y2:DSP48E2_X2Y3 SLICE_X7Y0:SLICE_X7Y4 DSP48E2_X2Y0:DSP48E2_X2Y1 }
Related violations: <none>

HDPRA-56#10 Advisory
Narrow Gap without Location Constraints  
RP pblock 'pblock_u_rp' contains a narrow gap that may impact implementation results.  Removing the gap by absorbing the locations into the RP pblock may improve implementation and allow for continuous placement.  TAG='56_G7_RP1_S'.  Use the following command to adjust the RP to include the locations in the gap: 
	 resize_pblock pblock_u_rp -add {SLICE_X10Y180:SLICE_X10Y239 HDIO_BIAS_X0Y3:HDIO_BIAS_X0Y3 BUFGCE_HDIO_X0Y6:BUFGCE_HDIO_X1Y7 HDIOBDIFFINBUF_X0Y36:HDIOBDIFFINBUF_X0Y47 HDIOLOGIC_M_X0Y36:HDIOLOGIC_M_X0Y47 HDIOLOGIC_S_X0Y36:HDIOLOGIC_S_X0Y47 HDIO_VREF_X0Y3:HDIO_VREF_X0Y3 IOB_X0Y156:IOB_X0Y193 SLICE_X10Y0:SLICE_X10Y59 HDIO_BIAS_X0Y0:HDIO_BIAS_X0Y0 BUFGCE_HDIO_X0Y0:BUFGCE_HDIO_X1Y1 HDIOBDIFFINBUF_X0Y0:HDIOBDIFFINBUF_X0Y11 HDIOLOGIC_M_X0Y0:HDIOLOGIC_M_X0Y11 HDIOLOGIC_S_X0Y0:HDIOLOGIC_S_X0Y11 HDIO_VREF_X0Y0:HDIO_VREF_X0Y0 IOB_X0Y0:IOB_X0Y37 }
Related violations: <none>

HDPRA-56#11 Advisory
Narrow Gap without Location Constraints  
RP pblock 'pblock_u_rp' contains a narrow gap that may impact implementation results.  Removing the gap by absorbing the locations into the RP pblock may improve implementation and allow for continuous placement.  TAG='56_G9_RP1_S'.  Use the following command to adjust the RP to include the locations in the gap: 
	 resize_pblock pblock_u_rp -add {SLICE_X12Y235:SLICE_X12Y239 DSP48E2_X3Y94:DSP48E2_X3Y95 SLICE_X12Y230:SLICE_X12Y234 DSP48E2_X3Y92:DSP48E2_X3Y93 SLICE_X12Y225:SLICE_X12Y229 DSP48E2_X3Y90:DSP48E2_X3Y91 SLICE_X12Y220:SLICE_X12Y224 DSP48E2_X3Y88:DSP48E2_X3Y89 SLICE_X12Y215:SLICE_X12Y219 DSP48E2_X3Y86:DSP48E2_X3Y87 SLICE_X12Y210:SLICE_X12Y214 DSP48E2_X3Y84:DSP48E2_X3Y85 SLICE_X12Y205:SLICE_X12Y209 DSP48E2_X3Y82:DSP48E2_X3Y83 SLICE_X12Y200:SLICE_X12Y204 DSP48E2_X3Y80:DSP48E2_X3Y81 SLICE_X12Y195:SLICE_X12Y199 DSP48E2_X3Y78:DSP48E2_X3Y79 SLICE_X12Y190:SLICE_X12Y194 DSP48E2_X3Y76:DSP48E2_X3Y77 SLICE_X12Y185:SLICE_X12Y189 DSP48E2_X3Y74:DSP48E2_X3Y75 SLICE_X12Y180:SLICE_X12Y184 DSP48E2_X3Y72:DSP48E2_X3Y73 SLICE_X12Y175:SLICE_X12Y179 DSP48E2_X3Y70:DSP48E2_X3Y71 SLICE_X12Y170:SLICE_X12Y174 DSP48E2_X3Y68:DSP48E2_X3Y69 SLICE_X12Y165:SLICE_X12Y169 DSP48E2_X3Y66:DSP48E2_X3Y67 SLICE_X12Y160:SLICE_X12Y164 DSP48E2_X3Y64:DSP48E2_X3Y65 SLICE_X12Y155:SLICE_X12Y159 DSP48E2_X3Y62:DSP48E2_X3Y63 SLICE_X12Y145:SLICE_X12Y149 DSP48E2_X3Y58:DSP48E2_X3Y59 SLICE_X12Y140:SLICE_X12Y144 DSP48E2_X3Y56:DSP48E2_X3Y57 SLICE_X12Y135:SLICE_X12Y139 DSP48E2_X3Y54:DSP48E2_X3Y55 SLICE_X12Y130:SLICE_X12Y134 DSP48E2_X3Y52:DSP48E2_X3Y53 SLICE_X12Y100:SLICE_X12Y104 DSP48E2_X3Y40:DSP48E2_X3Y41 SLICE_X12Y95:SLICE_X12Y99 DSP48E2_X3Y38:DSP48E2_X3Y39 SLICE_X12Y80:SLICE_X12Y84 DSP48E2_X3Y32:DSP48E2_X3Y33 SLICE_X12Y75:SLICE_X12Y79 DSP48E2_X3Y30:DSP48E2_X3Y31 SLICE_X12Y70:SLICE_X12Y74 DSP48E2_X3Y28:DSP48E2_X3Y29 SLICE_X12Y65:SLICE_X12Y69 DSP48E2_X3Y26:DSP48E2_X3Y27 SLICE_X12Y45:SLICE_X12Y49 DSP48E2_X3Y18:DSP48E2_X3Y19 SLICE_X12Y40:SLICE_X12Y44 DSP48E2_X3Y16:DSP48E2_X3Y17 SLICE_X12Y35:SLICE_X12Y39 DSP48E2_X3Y14:DSP48E2_X3Y15 SLICE_X12Y30:SLICE_X12Y34 DSP48E2_X3Y12:DSP48E2_X3Y13 SLICE_X12Y25:SLICE_X12Y29 DSP48E2_X3Y10:DSP48E2_X3Y11 SLICE_X12Y20:SLICE_X12Y24 DSP48E2_X3Y8:DSP48E2_X3Y9 SLICE_X12Y15:SLICE_X12Y19 DSP48E2_X3Y6:DSP48E2_X3Y7 SLICE_X12Y10:SLICE_X12Y14 DSP48E2_X3Y4:DSP48E2_X3Y5 SLICE_X12Y5:SLICE_X12Y9 DSP48E2_X3Y2:DSP48E2_X3Y3 SLICE_X12Y0:SLICE_X12Y4 DSP48E2_X3Y0:DSP48E2_X3Y1 }
Related violations: <none>

HDPRA-57#1 Advisory
Gap with Location Constraints  
RP pblock 'pblock_u_rp' contains a gap with location constraints that likely will impact implementation results.  If possible, it is best to avoid gaps within an RP. If that cannot be done, nested pblock may be required in the pblock to minimize crossings. Also, you may need to add a static EXCLUDE_PLACEMENT pblock that covers the gap and add contains only essential logic to this pblock.  TAG='57_G16_RP1_S'.   Sites in gap: DSP48E2_X6Y94, DSP48E2_X6Y95, SLICE_X23Y233, SLICE_X23Y234, SLICE_X23Y235,
SLICE_X23Y236, SLICE_X23Y237, SLICE_X23Y238, SLICE_X23Y239, SLICE_X24Y234,
SLICE_X24Y235, SLICE_X24Y236, SLICE_X24Y237, SLICE_X24Y238, SLICE_X24Y239
 (the first 15 of 576 listed)
Related violations: <none>

HDPRA-57#2 Advisory
Gap with Location Constraints  
RP pblock 'pblock_u_rp' contains a gap with location constraints that likely will impact implementation results.  If possible, it is best to avoid gaps within an RP. If that cannot be done, nested pblock may be required in the pblock to minimize crossings. Also, you may need to add a static EXCLUDE_PLACEMENT pblock that covers the gap and add contains only essential logic to this pblock.  TAG='57_G19_RP1_S'.   Sites in gap: DSP48E2_X7Y72, DSP48E2_X7Y73, RAMB18_X0Y72, RAMB18_X0Y73, RAMB36_X0Y36,
SLICE_X27Y180, SLICE_X27Y181, SLICE_X27Y182, SLICE_X27Y183, SLICE_X27Y184,
SLICE_X28Y180, SLICE_X28Y181, SLICE_X28Y182, SLICE_X28Y183, SLICE_X28Y184
 (the first 15 of 360 listed)
Related violations: <none>

HDPRA-58#1 Advisory
Gap without Location Constraints  
RP pblock 'pblock_u_rp' contains a gap that may impact implementation results.  It is best to include these region(s) in the RP pblock.  Removing the gap will allow for continuous placement.  TAG='58_G19_RP1_S'.  Sites in gap: DSP48E2_X7Y94, DSP48E2_X7Y95, RAMB18_X0Y94, RAMB18_X0Y95, RAMB36_X0Y47,
SLICE_X27Y235, SLICE_X27Y236, SLICE_X27Y237, SLICE_X27Y238, SLICE_X27Y239,
SLICE_X28Y235, SLICE_X28Y236, SLICE_X28Y237, SLICE_X28Y238, SLICE_X28Y239
 (the first 15 of 360 listed)
Related violations: <none>

HDPRA-58#2 Advisory
Gap without Location Constraints  
RP pblock 'pblock_u_rp' contains a gap that may impact implementation results.  It is best to include these region(s) in the RP pblock.  Removing the gap will allow for continuous placement.  TAG='58_G32_RP1_S'.  Sites in gap: RAMB18_X1Y94, RAMB18_X1Y95, RAMB36_X1Y47, SLICE_X47Y234, SLICE_X47Y235,
SLICE_X47Y236, SLICE_X47Y237, SLICE_X47Y238, SLICE_X47Y239, SLICE_X48Y234,
SLICE_X48Y235, SLICE_X48Y236, SLICE_X48Y237, SLICE_X48Y238, SLICE_X48Y239
 (the first 15 of 924 listed)
Related violations: <none>

HDPRA-58#3 Advisory
Gap without Location Constraints  
RP pblock 'pblock_u_rp' contains a gap that may impact implementation results.  It is best to include these region(s) in the RP pblock.  Removing the gap will allow for continuous placement.  TAG='58_G36_RP1_S'.  Sites in gap: DSP48E2_X12Y94, DSP48E2_X12Y95, RAMB18_X2Y94, RAMB18_X2Y95, RAMB36_X2Y47,
SLICE_X52Y235, SLICE_X52Y236, SLICE_X52Y237, SLICE_X52Y238, SLICE_X52Y239,
SLICE_X53Y235, SLICE_X53Y236, SLICE_X53Y237, SLICE_X53Y238, SLICE_X53Y239
 (the first 15 of 720 listed)
Related violations: <none>

HDPRA-60#1 Advisory
Narrow Non-reconfig gap without Location Constraints  
RP pblock 'pblock_u_rp' contains a narrow non-reconfigurable gap that may impact implementation results.  If possible, it is best to avoid gaps within a RP. If that cannot be done, it is best to PROHIBIT the CLBs inside the gap to avoid congestion. TAG='60_G32_RP1_S'.  Sites in gap: SLICE_X48Y165, SLICE_X48Y166, SLICE_X48Y167, SLICE_X48Y168, SLICE_X48Y169,
SLICE_X48Y170, SLICE_X48Y171, SLICE_X48Y172, SLICE_X48Y173, SLICE_X48Y174,
SLICE_X48Y175, SLICE_X48Y176, SLICE_X48Y177, SLICE_X48Y178, SLICE_X48Y179
 (the first 15 of 60 listed)
Related violations: <none>


