Copyright 1986-2022 Xilinx, Inc. All Rights Reserved. Copyright 2022-2025 Advanced Micro Devices, Inc. All Rights Reserved.
---------------------------------------------------------------------------------------------------------------------------------------------------------------
| Tool Version      : Vivado v.2025.2 (win64) Build 6299465 Fri Nov 14 19:35:11 GMT 2025
| Date              : Thu Jun 25 01:04:11 2026
| Host              : Abhishek running 64-bit major release  (build 9200)
| Command           : report_timing -file D:/Projects/Crypto_miner_final_updated_on_18_06/New_updated/pdsa_updated_on_3_6_newv/bitstream/timing_with_kaspa.rpt
| Design            : pdsa_fpga_dfx_top
| Device            : xck26-sfvc784
| Speed File        : -2LV  PRODUCTION 1.30 05-15-2022
| Design State      : Routed
| Temperature Grade : C
---------------------------------------------------------------------------------------------------------------------------------------------------------------

Timing Report

Slack (MET) :             1.600ns  (required time - arrival time)
  Source:                 u_shell/u_csr/csr_decouple_reg/C
                            (rising edge-triggered cell FDCE clocked by pl_clk0  {rise@0.000ns fall@5.000ns period=10.000ns})
  Destination:            u_rp/rp_found_reg/D
                            (rising edge-triggered cell FDCE clocked by pl_clk0  {rise@0.000ns fall@5.000ns period=10.000ns})
  Path Group:             pl_clk0
  Path Type:              Setup (Max at Slow Process Corner)
  Requirement:            10.000ns  (pl_clk0 rise@10.000ns - pl_clk0 rise@0.000ns)
  Data Path Delay:        8.083ns  (logic 1.645ns (20.351%)  route 6.438ns (79.649%))
  Logic Levels:           19  (CARRY8=16 LUT2=2 LUT4=1)
  Clock Path Skew:        -0.328ns (DCD - SCD + CPR)
    Destination Clock Delay (DCD):    3.297ns = ( 13.297 - 10.000 ) 
    Source Clock Delay      (SCD):    4.363ns
    Clock Pessimism Removal (CPR):    0.739ns
  Clock Uncertainty:      0.035ns  ((TSJ^2 + TIJ^2)^1/2 + DJ) / 2 + PE
    Total System Jitter     (TSJ):    0.071ns
    Total Input Jitter      (TIJ):    0.000ns
    Discrete Jitter          (DJ):    0.000ns
    Phase Error              (PE):    0.000ns
  Clock Net Delay (Source):      2.980ns (routing 1.401ns, distribution 1.579ns)
  Clock Net Delay (Destination): 2.487ns (routing 1.289ns, distribution 1.198ns)

    Location             Delay type                Incr(ns)  Path(ns)    Partition      PBlock               Netlist Resource(s)
  -------------------------------------------------------------------    -------------------------------------------------------
                         (clock pl_clk0 rise edge)    0.000     0.000 r                                      
    F12                                               0.000     0.000 r  static                              clk (IN)
                         net (fo=0)                   0.000     0.000    static                              clk_IBUF_inst/I
    F12                  INBUF (Prop_INBUF_HDIOB_M_PAD_O)
                                                      1.017     1.017 r  static                              clk_IBUF_inst/INBUF_INST/O
                         net (fo=1, routed)           0.000     1.017    static                              clk_IBUF_inst/OUT
    F12                  IBUFCTRL (Prop_IBUFCTRL_HDIOB_M_I_O)
                                                      0.000     1.017 r  static                              clk_IBUF_inst/IBUFCTRL_INST/O
                         net (fo=1, routed)           0.323     1.340    static                              clk_IBUF
    BUFGCE_HDIO_X1Y4     BUFGCE (Prop_BUFCE_BUFGCE_HDIO_I_O)
                                                      0.044     1.384 r  static                              clk_IBUF_BUFG_inst/O
    X1Y1 (CLOCK_ROOT)    net (fo=3454, routed)        2.980     4.363    static                              u_shell/u_csr/clk
    SLICE_X1Y115         FDCE                                         r  static                              u_shell/u_csr/csr_decouple_reg/C
  -------------------------------------------------------------------    -------------------------------------------------------
    SLICE_X1Y115         FDCE (Prop_HFF_SLICEM_C_Q)
                                                      0.114     4.477 f  static                              u_shell/u_csr/csr_decouple_reg/Q
                         net (fo=1196, routed)        4.359     8.837    static                              u_shell/decoupled
    SLICE_X1Y16          LUT2 (Prop_D6LUT_SLICEM_I1_O)
                                                      0.151     8.988 r  static                              u_shell/rp_target[5]_INST_0/O
                         net (fo=2, routed)           1.412    10.400    boundary                            u_rp/u_kaspa/rp_target[5]
    SLICE_X25Y59         LUT4 (Prop_C6LUT_SLICEM_I2_O)
                                                      0.080    10.480 r  reconfigurable pblock_u_rp          u_rp/u_kaspa/rp_found_i_271/O
                         net (fo=1, routed)           0.029    10.509    reconfigurable                      u_rp/u_kaspa/rp_found_i_271_n_0
    SLICE_X25Y59         CARRY8 (Prop_CARRY8_SLICEM_S[2]_CO[7])
                                                      0.229    10.738 r  reconfigurable pblock_u_rp          u_rp/u_kaspa/rp_found_reg_i_241/CO[7]
                         net (fo=1, routed)           0.030    10.768    reconfigurable                      u_rp/u_kaspa/rp_found_reg_i_241_n_0
    SLICE_X25Y60         CARRY8 (Prop_CARRY8_SLICEM_CI_CO[7])
                                                      0.065    10.833 r  reconfigurable pblock_u_rp          u_rp/u_kaspa/rp_found_reg_i_224/CO[7]
                         net (fo=1, routed)           0.030    10.863    reconfigurable                      u_rp/u_kaspa/rp_found_reg_i_224_n_0
    SLICE_X25Y61         CARRY8 (Prop_CARRY8_SLICEM_CI_CO[7])
                                                      0.065    10.928 r  reconfigurable pblock_u_rp          u_rp/u_kaspa/rp_found_reg_i_207/CO[7]
                         net (fo=1, routed)           0.030    10.958    reconfigurable                      u_rp/u_kaspa/rp_found_reg_i_207_n_0
    SLICE_X25Y62         CARRY8 (Prop_CARRY8_SLICEM_CI_CO[7])
                                                      0.065    11.023 r  reconfigurable pblock_u_rp          u_rp/u_kaspa/rp_found_reg_i_190/CO[7]
                         net (fo=1, routed)           0.030    11.053    reconfigurable                      u_rp/u_kaspa/rp_found_reg_i_190_n_0
    SLICE_X25Y63         CARRY8 (Prop_CARRY8_SLICEM_CI_CO[7])
                                                      0.065    11.118 r  reconfigurable pblock_u_rp          u_rp/u_kaspa/rp_found_reg_i_173/CO[7]
                         net (fo=1, routed)           0.030    11.148    reconfigurable                      u_rp/u_kaspa/rp_found_reg_i_173_n_0
    SLICE_X25Y64         CARRY8 (Prop_CARRY8_SLICEM_CI_CO[7])
                                                      0.065    11.213 r  reconfigurable pblock_u_rp          u_rp/u_kaspa/rp_found_reg_i_156/CO[7]
                         net (fo=1, routed)           0.030    11.243    reconfigurable                      u_rp/u_kaspa/rp_found_reg_i_156_n_0
    SLICE_X25Y65         CARRY8 (Prop_CARRY8_SLICEM_CI_CO[7])
                                                      0.065    11.308 r  reconfigurable pblock_u_rp          u_rp/u_kaspa/rp_found_reg_i_139/CO[7]
                         net (fo=1, routed)           0.030    11.338    reconfigurable                      u_rp/u_kaspa/rp_found_reg_i_139_n_0
    SLICE_X25Y66         CARRY8 (Prop_CARRY8_SLICEM_CI_CO[7])
                                                      0.065    11.403 r  reconfigurable pblock_u_rp          u_rp/u_kaspa/rp_found_reg_i_122/CO[7]
                         net (fo=1, routed)           0.030    11.433    reconfigurable                      u_rp/u_kaspa/rp_found_reg_i_122_n_0
    SLICE_X25Y67         CARRY8 (Prop_CARRY8_SLICEM_CI_CO[7])
                                                      0.065    11.498 r  reconfigurable pblock_u_rp          u_rp/u_kaspa/rp_found_reg_i_105/CO[7]
                         net (fo=1, routed)           0.030    11.528    reconfigurable                      u_rp/u_kaspa/rp_found_reg_i_105_n_0
    SLICE_X25Y68         CARRY8 (Prop_CARRY8_SLICEM_CI_CO[7])
                                                      0.065    11.593 r  reconfigurable pblock_u_rp          u_rp/u_kaspa/rp_found_reg_i_88/CO[7]
                         net (fo=1, routed)           0.030    11.623    reconfigurable                      u_rp/u_kaspa/rp_found_reg_i_88_n_0
    SLICE_X25Y69         CARRY8 (Prop_CARRY8_SLICEM_CI_CO[7])
                                                      0.065    11.688 r  reconfigurable pblock_u_rp          u_rp/u_kaspa/rp_found_reg_i_71/CO[7]
                         net (fo=1, routed)           0.030    11.718    reconfigurable                      u_rp/u_kaspa/rp_found_reg_i_71_n_0
    SLICE_X25Y70         CARRY8 (Prop_CARRY8_SLICEM_CI_CO[7])
                                                      0.065    11.783 r  reconfigurable pblock_u_rp          u_rp/u_kaspa/rp_found_reg_i_54/CO[7]
                         net (fo=1, routed)           0.030    11.813    reconfigurable                      u_rp/u_kaspa/rp_found_reg_i_54_n_0
    SLICE_X25Y71         CARRY8 (Prop_CARRY8_SLICEM_CI_CO[7])
                                                      0.065    11.878 r  reconfigurable pblock_u_rp          u_rp/u_kaspa/rp_found_reg_i_37/CO[7]
                         net (fo=1, routed)           0.030    11.908    reconfigurable                      u_rp/u_kaspa/rp_found_reg_i_37_n_0
    SLICE_X25Y72         CARRY8 (Prop_CARRY8_SLICEM_CI_CO[7])
                                                      0.065    11.973 r  reconfigurable pblock_u_rp          u_rp/u_kaspa/rp_found_reg_i_20/CO[7]
                         net (fo=1, routed)           0.030    12.003    reconfigurable                      u_rp/u_kaspa/rp_found_reg_i_20_n_0
    SLICE_X25Y73         CARRY8 (Prop_CARRY8_SLICEM_CI_CO[7])
                                                      0.065    12.068 r  reconfigurable pblock_u_rp          u_rp/u_kaspa/rp_found_reg_i_3/CO[7]
                         net (fo=1, routed)           0.030    12.098    reconfigurable                      u_rp/u_kaspa/rp_found_reg_i_3_n_0
    SLICE_X25Y74         CARRY8 (Prop_CARRY8_SLICEM_CI_CO[7])
                                                      0.073    12.171 r  reconfigurable pblock_u_rp          u_rp/u_kaspa/rp_found_reg_i_2/CO[7]
                         net (fo=1, routed)           0.164    12.335    reconfigurable                      u_rp/u_kaspa/rp_found_reg_i_2_n_0
    SLICE_X26Y74         LUT2 (Prop_D5LUT_SLICEL_I1_O)
                                                      0.088    12.423 r  reconfigurable pblock_u_rp          u_rp/u_kaspa/rp_found_i_1/O
                         net (fo=1, routed)           0.024    12.447    reconfigurable                      u_rp/u_kaspa_n_65
    SLICE_X26Y74         FDCE                                         r  reconfigurable pblock_u_rp          u_rp/rp_found_reg/D
  -------------------------------------------------------------------    -------------------------------------------------------

                         (clock pl_clk0 rise edge)   10.000    10.000 r                                      
    F12                                               0.000    10.000 r  static                              clk (IN)
                         net (fo=0)                   0.000    10.000    static                              clk_IBUF_inst/I
    F12                  INBUF (Prop_INBUF_HDIOB_M_PAD_O)
                                                      0.510    10.510 r  static                              clk_IBUF_inst/INBUF_INST/O
                         net (fo=1, routed)           0.000    10.510    static                              clk_IBUF_inst/OUT
    F12                  IBUFCTRL (Prop_IBUFCTRL_HDIOB_M_I_O)
                                                      0.000    10.510 r  static                              clk_IBUF_inst/IBUFCTRL_INST/O
                         net (fo=1, routed)           0.261    10.771    static                              clk_IBUF
    BUFGCE_HDIO_X1Y4     BUFGCE (Prop_BUFCE_BUFGCE_HDIO_I_O)
                                                      0.039    10.810 r  static                              clk_IBUF_BUFG_inst/O
    X1Y1 (CLOCK_ROOT)    net (fo=3454, routed)        2.487    13.297    boundary                            u_rp/clk
    SLICE_X26Y74         FDCE                                         r  reconfigurable pblock_u_rp          u_rp/rp_found_reg/C
                         clock pessimism              0.739    14.036                                            
                         clock uncertainty           -0.035    14.000                                            
    SLICE_X26Y74         FDCE (Setup_DFF2_SLICEL_C_D)
                                                      0.046    14.046    reconfigurable   pblock_u_rp            u_rp/rp_found_reg
  -------------------------------------------------------------------
                         required time                         14.046                                            
                         arrival time                         -12.447                                            
  -------------------------------------------------------------------
                         slack                                  1.600                                            




