Copyright 1986-2022 Xilinx, Inc. All Rights Reserved. Copyright 2022-2025 Advanced Micro Devices, Inc. All Rights Reserved.
----------------------------------------------------------------------------------------------------------------------------------------------------------------
| Tool Version      : Vivado v.2025.2 (win64) Build 6299465 Fri Nov 14 19:35:11 GMT 2025
| Date              : Thu Jun 25 00:36:38 2026
| Host              : Abhishek running 64-bit major release  (build 9200)
| Command           : report_timing -file D:/Projects/Crypto_miner_final_updated_on_18_06/New_updated/pdsa_updated_on_3_6_newv/bitstream/timing_static_full.rpt
| Design            : pdsa_fpga_dfx_top
| Device            : xck26-sfvc784
| Speed File        : -2LV  PRODUCTION 1.30 05-15-2022
| Design State      : Routed
| Temperature Grade : C
----------------------------------------------------------------------------------------------------------------------------------------------------------------

Timing Report

Slack (MET) :             0.562ns  (required time - arrival time)
  Source:                 u_rp/u_btc/gen_eng[1].u_eng/u_hash1/done_reg/C
                            (rising edge-triggered cell FDCE clocked by pl_clk0  {rise@0.000ns fall@5.000ns period=10.000ns})
  Destination:            u_rp/u_btc/gen_eng[1].u_eng/blk2_reg[289]/CE
                            (rising edge-triggered cell FDRE clocked by pl_clk0  {rise@0.000ns fall@5.000ns period=10.000ns})
  Path Group:             pl_clk0
  Path Type:              Setup (Max at Slow Process Corner)
  Requirement:            10.000ns  (pl_clk0 rise@10.000ns - pl_clk0 rise@0.000ns)
  Data Path Delay:        9.047ns  (logic 0.267ns (2.951%)  route 8.780ns (97.049%))
  Logic Levels:           1  (LUT3=1)
  Clock Path Skew:        -0.277ns (DCD - SCD + CPR)
    Destination Clock Delay (DCD):    2.632ns = ( 12.632 - 10.000 ) 
    Source Clock Delay      (SCD):    3.021ns
    Clock Pessimism Removal (CPR):    0.112ns
  Clock Uncertainty:      0.035ns  ((TSJ^2 + TIJ^2)^1/2 + DJ) / 2 + PE
    Total System Jitter     (TSJ):    0.071ns
    Total Input Jitter      (TIJ):    0.000ns
    Discrete Jitter          (DJ):    0.000ns
    Phase Error              (PE):    0.000ns
  Clock Net Delay (Source):      3.021ns (routing 1.401ns, distribution 1.620ns)
  Clock Net Delay (Destination): 2.632ns (routing 1.289ns, distribution 1.343ns)

    Location             Delay type                Incr(ns)  Path(ns)    Partition      PBlock               Netlist Resource(s)
  -------------------------------------------------------------------    -------------------------------------------------------
                         (clock pl_clk0 rise edge)    0.000     0.000 r                                      
    BUFGCE_HDIO_X1Y4     BUFGCE                       0.000     0.000 r  static                              clk_IBUF_BUFG_inst/O
    X1Y1 (CLOCK_ROOT)    net (fo=69736, routed)       3.021     3.021    boundary                            u_rp/u_btc/gen_eng[1].u_eng/u_hash1/clk
    SLICE_X18Y234        FDCE                                         r  reconfigurable pblock_u_rp          u_rp/u_btc/gen_eng[1].u_eng/u_hash1/done_reg/C
  -------------------------------------------------------------------    -------------------------------------------------------
    SLICE_X18Y234        FDCE (Prop_DFF2_SLICEM_C_Q)
                                                      0.115     3.136 r  reconfigurable pblock_u_rp          u_rp/u_btc/gen_eng[1].u_eng/u_hash1/done_reg/Q
                         net (fo=3, routed)           0.295     3.431    reconfigurable                      u_rp/u_btc/gen_eng[1].u_eng/done1
    SLICE_X14Y236        LUT3 (Prop_C5LUT_SLICEL_I1_O)
                                                      0.152     3.583 r  reconfigurable pblock_u_rp          u_rp/u_btc/gen_eng[1].u_eng/blk2[511]_i_1/O
                         net (fo=256, routed)         8.484    12.067    reconfigurable                      u_rp/u_btc/gen_eng[1].u_eng/blk2[511]_i_1_n_0
    SLICE_X50Y24         FDRE                                         r  reconfigurable pblock_u_rp          u_rp/u_btc/gen_eng[1].u_eng/blk2_reg[289]/CE
  -------------------------------------------------------------------    -------------------------------------------------------

                         (clock pl_clk0 rise edge)   10.000    10.000 r                                      
    BUFGCE_HDIO_X1Y4     BUFGCE                       0.000    10.000 r  static                              clk_IBUF_BUFG_inst/O
    X1Y1 (CLOCK_ROOT)    net (fo=69736, routed)       2.632    12.632    boundary                            u_rp/u_btc/gen_eng[1].u_eng/clk
    SLICE_X50Y24         FDRE                                         r  reconfigurable pblock_u_rp          u_rp/u_btc/gen_eng[1].u_eng/blk2_reg[289]/C
                         clock pessimism              0.112    12.744                                            
                         clock uncertainty           -0.035    12.708                                            
    SLICE_X50Y24         FDRE (Setup_HFF2_SLICEL_C_CE)
                                                     -0.079    12.629    reconfigurable   pblock_u_rp            u_rp/u_btc/gen_eng[1].u_eng/blk2_reg[289]
  -------------------------------------------------------------------
                         required time                         12.629                                            
                         arrival time                         -12.067                                            
  -------------------------------------------------------------------
                         slack                                  0.562                                            




