Copyright 1986-2022 Xilinx, Inc. All Rights Reserved. Copyright 2022-2025 Advanced Micro Devices, Inc. All Rights Reserved.
--------------------------------------------------------------------------------------------------------------------------------------------------
| Tool Version      : Vivado v.2025.2 (win64) Build 6299465 Fri Nov 14 19:35:11 GMT 2025
| Date              : Tue Jun  2 16:46:04 2026
| Host              : Abhishek running 64-bit major release  (build 9200)
| Command           : report_timing -file D:/pdsa_fpga_dfx_build/output/timing_dfx.rpt
| Design            : pdsa_system_wrapper
| Device            : xck26-sfvc784
| Speed File        : -2LV  PRODUCTION 1.30 05-15-2022
| Design State      : Physopt postRoute
| Temperature Grade : C
--------------------------------------------------------------------------------------------------------------------------------------------------

Timing Report

Slack (MET) :             2.586ns  (required time - arrival time)
  Source:                 pdsa_system_i/pdsa_top_0/inst/u_top/u_shell/u_csr/csr_decouple_reg_rep__3/C
                            (rising edge-triggered cell FDCE clocked by clk_pl_0  {rise@0.000ns fall@5.156ns period=10.312ns})
  Destination:            pdsa_system_i/pdsa_top_0/inst/u_top/u_rp/u_btc/found_hash_reg[165]/CE
                            (rising edge-triggered cell FDCE clocked by clk_pl_0  {rise@0.000ns fall@5.156ns period=10.312ns})
  Path Group:             clk_pl_0
  Path Type:              Setup (Max at Slow Process Corner)
  Requirement:            10.312ns  (clk_pl_0 rise@10.312ns - clk_pl_0 rise@0.000ns)
  Data Path Delay:        7.361ns  (logic 1.736ns (23.582%)  route 5.625ns (76.418%))
  Logic Levels:           19  (CARRY8=16 LUT4=1 LUT5=1 LUT6=1)
  Clock Path Skew:        -0.127ns (DCD - SCD + CPR)
    Destination Clock Delay (DCD):    2.900ns = ( 13.212 - 10.312 ) 
    Source Clock Delay      (SCD):    3.219ns
    Clock Pessimism Removal (CPR):    0.192ns
  Clock Uncertainty:      0.159ns  ((TSJ^2 + DJ^2)^1/2) / 2 + PE
    Total System Jitter     (TSJ):    0.071ns
    Discrete Jitter          (DJ):    0.310ns
    Phase Error              (PE):    0.000ns
  Clock Net Delay (Source):      2.952ns (routing 1.584ns, distribution 1.368ns)
  Clock Net Delay (Destination): 2.684ns (routing 1.450ns, distribution 1.234ns)

    Location             Delay type                Incr(ns)  Path(ns)    Partition      PBlock               Netlist Resource(s)
  -------------------------------------------------------------------    -------------------------------------------------------
                         (clock clk_pl_0 rise edge)
                                                      0.000     0.000 r                                      
    PS8_X0Y0             PS8                          0.000     0.000 r  static                              pdsa_system_i/zynq_ultra_ps_e_0/inst/PS8_i/PLCLK[0]
                         net (fo=1, routed)           0.229     0.229    static                              pdsa_system_i/zynq_ultra_ps_e_0/inst/pl_clk_unbuffered[0]
    BUFG_PS_X0Y80        BUFG_PS (Prop_BUFG_PS_I_O)
                                                      0.038     0.267 r  static                              pdsa_system_i/zynq_ultra_ps_e_0/inst/buffer_pl_clk_0.PL_CLK_0_BUFG/O
    X1Y1 (CLOCK_ROOT)    net (fo=2960, routed)        2.952     3.219    static                              pdsa_system_i/pdsa_top_0/inst/u_top/u_shell/u_csr/clk
    SLICE_X24Y161        FDCE                                         r  static                              pdsa_system_i/pdsa_top_0/inst/u_top/u_shell/u_csr/csr_decouple_reg_rep__3/C
  -------------------------------------------------------------------    -------------------------------------------------------
    SLICE_X24Y161        FDCE (Prop_CFF2_SLICEM_C_Q)
                                                      0.114     3.333 r  static                              pdsa_system_i/pdsa_top_0/inst/u_top/u_shell/u_csr/csr_decouple_reg_rep__3/Q
                         net (fo=123, routed)         1.993     5.326    static                              pdsa_system_i/pdsa_top_0/inst/u_top/u_shell/u_csr/csr_decouple_reg_rep__3_n_0
    SLICE_X24Y170        LUT4 (Prop_D5LUT_SLICEM_I2_O)
                                                      0.135     5.461 r  static                              pdsa_system_i/pdsa_top_0/inst/u_top/u_shell/u_csr/found_hash[8]_i_2/O
                         net (fo=3, routed)           0.440     5.901    static                              pdsa_system_i/pdsa_top_0/inst/u_top/u_shell/u_csr/u_rp/u_btc/h7[8]
    SLICE_X28Y173        LUT5 (Prop_E6LUT_SLICEM_I2_O)
                                                      0.187     6.088 r  static                              pdsa_system_i/pdsa_top_0/inst/u_top/u_shell/u_csr/running_i_607/O
                         net (fo=1, routed)           0.018     6.106    static                              pdsa_system_i/pdsa_top_0/inst/u_top/u_shell/u_csr/running_i_607_n_0
    SLICE_X28Y173        CARRY8 (Prop_CARRY8_SLICEM_S[4]_CO[7])
                                                      0.236     6.342 r  static                              pdsa_system_i/pdsa_top_0/inst/u_top/u_shell/u_csr/running_reg_i_546/CO[7]
                         net (fo=1, routed)           0.030     6.372    static                              pdsa_system_i/pdsa_top_0/inst/u_top/u_shell/u_csr/running_reg_i_546_n_0
    SLICE_X28Y174        CARRY8 (Prop_CARRY8_SLICEM_CI_CO[7])
                                                      0.065     6.437 r  static                              pdsa_system_i/pdsa_top_0/inst/u_top/u_shell/u_csr/running_reg_i_496/CO[7]
                         net (fo=1, routed)           0.030     6.467    static                              pdsa_system_i/pdsa_top_0/inst/u_top/u_shell/u_csr/running_reg_i_496_n_0
    SLICE_X28Y175        CARRY8 (Prop_CARRY8_SLICEM_CI_CO[7])
                                                      0.065     6.532 r  static                              pdsa_system_i/pdsa_top_0/inst/u_top/u_shell/u_csr/running_reg_i_446/CO[7]
                         net (fo=1, routed)           0.030     6.562    static                              pdsa_system_i/pdsa_top_0/inst/u_top/u_shell/u_csr/running_reg_i_446_n_0
    SLICE_X28Y176        CARRY8 (Prop_CARRY8_SLICEM_CI_CO[7])
                                                      0.065     6.627 r  static                              pdsa_system_i/pdsa_top_0/inst/u_top/u_shell/u_csr/running_reg_i_396/CO[7]
                         net (fo=1, routed)           0.030     6.657    static                              pdsa_system_i/pdsa_top_0/inst/u_top/u_shell/u_csr/running_reg_i_396_n_0
    SLICE_X28Y177        CARRY8 (Prop_CARRY8_SLICEM_CI_CO[7])
                                                      0.065     6.722 r  static                              pdsa_system_i/pdsa_top_0/inst/u_top/u_shell/u_csr/running_reg_i_346/CO[7]
                         net (fo=1, routed)           0.030     6.752    static                              pdsa_system_i/pdsa_top_0/inst/u_top/u_shell/u_csr/running_reg_i_346_n_0
    SLICE_X28Y178        CARRY8 (Prop_CARRY8_SLICEM_CI_CO[7])
                                                      0.065     6.817 r  static                              pdsa_system_i/pdsa_top_0/inst/u_top/u_shell/u_csr/running_reg_i_296/CO[7]
                         net (fo=1, routed)           0.030     6.847    static                              pdsa_system_i/pdsa_top_0/inst/u_top/u_shell/u_csr/running_reg_i_296_n_0
    SLICE_X28Y179        CARRY8 (Prop_CARRY8_SLICEM_CI_CO[7])
                                                      0.065     6.912 r  static                              pdsa_system_i/pdsa_top_0/inst/u_top/u_shell/u_csr/running_reg_i_262/CO[7]
                         net (fo=1, routed)           0.030     6.942    static                              pdsa_system_i/pdsa_top_0/inst/u_top/u_shell/u_csr/running_reg_i_262_n_0
    SLICE_X28Y180        CARRY8 (Prop_CARRY8_SLICEM_CI_CO[7])
                                                      0.065     7.007 r  static                              pdsa_system_i/pdsa_top_0/inst/u_top/u_shell/u_csr/running_reg_i_236/CO[7]
                         net (fo=1, routed)           0.030     7.037    static                              pdsa_system_i/pdsa_top_0/inst/u_top/u_shell/u_csr/running_reg_i_236_n_0
    SLICE_X28Y181        CARRY8 (Prop_CARRY8_SLICEM_CI_CO[7])
                                                      0.065     7.102 r  static                              pdsa_system_i/pdsa_top_0/inst/u_top/u_shell/u_csr/running_reg_i_210/CO[7]
                         net (fo=1, routed)           0.030     7.132    static                              pdsa_system_i/pdsa_top_0/inst/u_top/u_shell/u_csr/running_reg_i_210_n_0
    SLICE_X28Y182        CARRY8 (Prop_CARRY8_SLICEM_CI_CO[7])
                                                      0.065     7.197 r  static                              pdsa_system_i/pdsa_top_0/inst/u_top/u_shell/u_csr/running_reg_i_184/CO[7]
                         net (fo=1, routed)           0.030     7.227    static                              pdsa_system_i/pdsa_top_0/inst/u_top/u_shell/u_csr/running_reg_i_184_n_0
    SLICE_X28Y183        CARRY8 (Prop_CARRY8_SLICEM_CI_CO[7])
                                                      0.065     7.292 r  static                              pdsa_system_i/pdsa_top_0/inst/u_top/u_shell/u_csr/running_reg_i_158/CO[7]
                         net (fo=1, routed)           0.030     7.322    static                              pdsa_system_i/pdsa_top_0/inst/u_top/u_shell/u_csr/running_reg_i_158_n_0
    SLICE_X28Y184        CARRY8 (Prop_CARRY8_SLICEM_CI_CO[7])
                                                      0.065     7.387 r  static                              pdsa_system_i/pdsa_top_0/inst/u_top/u_shell/u_csr/running_reg_i_132/CO[7]
                         net (fo=1, routed)           0.030     7.417    static                              pdsa_system_i/pdsa_top_0/inst/u_top/u_shell/u_csr/running_reg_i_132_n_0
    SLICE_X28Y185        CARRY8 (Prop_CARRY8_SLICEM_CI_CO[7])
                                                      0.065     7.482 r  static                              pdsa_system_i/pdsa_top_0/inst/u_top/u_shell/u_csr/running_reg_i_90/CO[7]
                         net (fo=1, routed)           0.030     7.512    static                              pdsa_system_i/pdsa_top_0/inst/u_top/u_shell/u_csr/running_reg_i_90_n_0
    SLICE_X28Y186        CARRY8 (Prop_CARRY8_SLICEM_CI_CO[7])
                                                      0.065     7.577 r  static                              pdsa_system_i/pdsa_top_0/inst/u_top/u_shell/u_csr/running_reg_i_40/CO[7]
                         net (fo=1, routed)           0.030     7.607    static                              pdsa_system_i/pdsa_top_0/inst/u_top/u_shell/u_csr/running_reg_i_40_n_0
    SLICE_X28Y187        CARRY8 (Prop_CARRY8_SLICEM_CI_CO[7])
                                                      0.065     7.672 r  static                              pdsa_system_i/pdsa_top_0/inst/u_top/u_shell/u_csr/running_reg_i_6/CO[7]
                         net (fo=1, routed)           0.030     7.702    static                              pdsa_system_i/pdsa_top_0/inst/u_top/u_shell/u_csr/running_reg_i_6_n_0
    SLICE_X28Y188        CARRY8 (Prop_CARRY8_SLICEM_CI_CO[7])
                                                      0.073     7.775 r  static                              pdsa_system_i/pdsa_top_0/inst/u_top/u_shell/u_csr/running_reg_i_3/CO[7]
                         net (fo=196, routed)         1.085     8.860    static                              pdsa_system_i/pdsa_top_0/inst/u_top/u_shell/u_csr/CO[0]
    SLICE_X27Y152        LUT6 (Prop_F6LUT_SLICEL_I2_O)
                                                      0.081     8.941 r  static                              pdsa_system_i/pdsa_top_0/inst/u_top/u_shell/u_csr/found_nonce[31]_i_1/O
                         net (fo=288, routed)         1.639    10.580    boundary                            pdsa_system_i/pdsa_top_0/inst/u_top/u_rp/u_btc/E[0]
    SLICE_X39Y189        FDCE                                         r  reconfigurable pblock_u_rp          pdsa_system_i/pdsa_top_0/inst/u_top/u_rp/u_btc/found_hash_reg[165]/CE
  -------------------------------------------------------------------    -------------------------------------------------------

                         (clock clk_pl_0 rise edge)
                                                     10.312    10.312 r                                      
    PS8_X0Y0             PS8                          0.000    10.312 r  static                              pdsa_system_i/zynq_ultra_ps_e_0/inst/PS8_i/PLCLK[0]
                         net (fo=1, routed)           0.181    10.493    static                              pdsa_system_i/zynq_ultra_ps_e_0/inst/pl_clk_unbuffered[0]
    BUFG_PS_X0Y80        BUFG_PS (Prop_BUFG_PS_I_O)
                                                      0.035    10.528 r  static                              pdsa_system_i/zynq_ultra_ps_e_0/inst/buffer_pl_clk_0.PL_CLK_0_BUFG/O
    X1Y1 (CLOCK_ROOT)    net (fo=2960, routed)        2.684    13.212    boundary                            pdsa_system_i/pdsa_top_0/inst/u_top/u_rp/u_btc/clk
    SLICE_X39Y189        FDCE                                         r  reconfigurable pblock_u_rp          pdsa_system_i/pdsa_top_0/inst/u_top/u_rp/u_btc/found_hash_reg[165]/C
                         clock pessimism              0.192    13.404                                            
                         clock uncertainty           -0.159    13.245                                            
    SLICE_X39Y189        FDCE (Setup_AFF_SLICEL_C_CE)
                                                     -0.079    13.166    reconfigurable   pblock_u_rp            pdsa_system_i/pdsa_top_0/inst/u_top/u_rp/u_btc/found_hash_reg[165]
  -------------------------------------------------------------------
                         required time                         13.166                                            
                         arrival time                         -10.580                                            
  -------------------------------------------------------------------
                         slack                                  2.586                                            




